Component: ARM Compiler 5.06 update 7 (build 960) Tool: armlink [4d3601]

==============================================================================

Section Cross References

    main.o(.text) refers to _printf_percent.o(.ARM.Collect$$_printf_percent$$00000000) for _printf_percent
    main.o(.text) refers to _printf_d.o(.ARM.Collect$$_printf_percent$$00000009) for _printf_d
    main.o(.text) refers to _printf_dec.o(.text) for _printf_int_dec
    main.o(.text) refers to os_sem.o(.text) for OSSemPend
    main.o(.text) refers to noretval__2printf.o(.text) for __2printf
    main.o(.text) refers to pwm.o(.text) for Set_Moto
    main.o(.text) refers to cpu_core.o(.text) for CPU_Init
    main.o(.text) refers to os_stat.o(.text) for OSStatTaskCPUUsageInit
    main.o(.text) refers to os_core.o(.text) for OSSchedRoundRobinCfg
    main.o(.text) refers to cpu_a.o(.text) for CPU_SR_Save
    main.o(.text) refers to os_task.o(.text) for OSTaskCreate
    main.o(.text) refers to delay.o(.text) for delay_init
    main.o(.text) refers to misc.o(.text) for NVIC_PriorityGroupConfig
    main.o(.text) refers to led.o(.text) for LED_Init
    main.o(.text) refers to usart.o(.text) for uart_init
    main.o(.text) refers to timer.o(.text) for TIM9_Int_Init
    main.o(.text) refers to usart3.o(.text) for Usart3_OV_Init
    main.o(.text) refers to pid.o(.text) for PID_Set_Init
    main.o(.text) refers to main.o(.bss) for DEBUG_CONTROL
    main.o(.text) refers to usart3.o(.data) for angle_xunji
    main.o(.text) refers to pwm.o(.data) for PID_PWM_ANGLE
    main.o(.text) refers to os_var.o(.data) for OSSchedLockNestingCtr
    system_stm32f4xx.o(.text) refers to system_stm32f4xx.o(.data) for SystemCoreClock
    led.o(.text) refers to stm32f4xx_rcc.o(.text) for RCC_AHB1PeriphClockCmd
    led.o(.text) refers to stm32f4xx_gpio.o(.text) for GPIO_Init
    timer.o(.text) refers to stm32f4xx_rcc.o(.text) for RCC_APB2PeriphClockCmd
    timer.o(.text) refers to stm32f4xx_tim.o(.text) for TIM_TimeBaseInit
    timer.o(.text) refers to misc.o(.text) for NVIC_Init
    timer.o(.text) refers to os_core.o(.text) for OSIntEnter
    timer.o(.text) refers to os_sem.o(.text) for OSSemPost
    timer.o(.text) refers to timer.o(.data) for DebugPeriod
    timer.o(.text) refers to main.o(.bss) for DEBUG_CONTROL
    pwm.o(.text) refers to stm32f4xx_rcc.o(.text) for RCC_AHB1PeriphClockCmd
    pwm.o(.text) refers to stm32f4xx_gpio.o(.text) for GPIO_Init
    pwm.o(.text) refers to stm32f4xx_tim.o(.text) for TIM_TimeBaseInit
    pwm.o(.text) refers to pid.o(.text) for SetPoint
    pwm.o(.text) refers to pid.o(.bss) for PID_Struct_AngleLoop
    pwm.o(.text) refers to pwm.o(.data) for PID_PWM_ANGLE
    usart3.o(.text) refers to stm32f4xx_rcc.o(.text) for RCC_AHB1PeriphClockCmd
    usart3.o(.text) refers to stm32f4xx_gpio.o(.text) for GPIO_PinAFConfig
    usart3.o(.text) refers to stm32f4xx_usart.o(.text) for USART_Init
    usart3.o(.text) refers to misc.o(.text) for NVIC_Init
    usart3.o(.text) refers to os_core.o(.text) for OSIntEnter
    usart3.o(.text) refers to usart3.o(.bss) for Boll_Pos
    usart3.o(.text) refers to usart3.o(.data) for start
    startup_stm32f40_41xxx.o(STACK) refers (Special) to heapauxi.o(.text) for __use_two_region_memory
    startup_stm32f40_41xxx.o(HEAP) refers (Special) to heapauxi.o(.text) for __use_two_region_memory
    startup_stm32f40_41xxx.o(RESET) refers (Special) to heapauxi.o(.text) for __use_two_region_memory
    startup_stm32f40_41xxx.o(RESET) refers to startup_stm32f40_41xxx.o(STACK) for __initial_sp
    startup_stm32f40_41xxx.o(RESET) refers to startup_stm32f40_41xxx.o(.text) for Reset_Handler
    startup_stm32f40_41xxx.o(RESET) refers to stm32f4xx_it.o(.text) for NMI_Handler
    startup_stm32f40_41xxx.o(RESET) refers to os_cpu_a.o(CODE) for PendSV_Handler
    startup_stm32f40_41xxx.o(RESET) refers to delay.o(.text) for SysTick_Handler
    startup_stm32f40_41xxx.o(RESET) refers to timer.o(.text) for TIM1_BRK_TIM9_IRQHandler
    startup_stm32f40_41xxx.o(RESET) refers to usart.o(.text) for USART1_IRQHandler
    startup_stm32f40_41xxx.o(RESET) refers to usart3.o(.text) for USART3_IRQHandler
    startup_stm32f40_41xxx.o(.text) refers (Special) to heapauxi.o(.text) for __use_two_region_memory
    startup_stm32f40_41xxx.o(.text) refers to system_stm32f4xx.o(.text) for SystemInit
    startup_stm32f40_41xxx.o(.text) refers to __main.o(!!!main) for __main
    startup_stm32f40_41xxx.o(.text) refers to startup_stm32f40_41xxx.o(HEAP) for Heap_Mem
    startup_stm32f40_41xxx.o(.text) refers to startup_stm32f40_41xxx.o(STACK) for Stack_Mem
    stm32f4xx_gpio.o(.text) refers to stm32f4xx_rcc.o(.text) for RCC_AHB1PeriphResetCmd
    stm32f4xx_rcc.o(.text) refers to stm32f4xx_rcc.o(.data) for APBAHBPrescTable
    stm32f4xx_syscfg.o(.text) refers to stm32f4xx_rcc.o(.text) for RCC_APB2PeriphResetCmd
    stm32f4xx_usart.o(.text) refers to stm32f4xx_rcc.o(.text) for RCC_APB2PeriphResetCmd
[...]
    RCC_PLLI2SConfig                         0x08001575   Thumb Code    14  stm32f4xx_rcc.o(.text)
    RCC_PLLI2SCmd                            0x08001583   Thumb Code     6  stm32f4xx_rcc.o(.text)
    RCC_PLLSAIConfig                         0x08001589   Thumb Code    20  stm32f4xx_rcc.o(.text)
    RCC_PLLSAICmd                            0x0800159d   Thumb Code     6  stm32f4xx_rcc.o(.text)
    RCC_ClockSecuritySystemCmd               0x080015a3   Thumb Code     6  stm32f4xx_rcc.o(.text)
    RCC_MCO1Config                           0x080015a9   Thumb Code    28  stm32f4xx_rcc.o(.text)
    RCC_MCO2Config                           0x080015c5   Thumb Code    28  stm32f4xx_rcc.o(.text)
    RCC_SYSCLKConfig                         0x080015e1   Thumb Code    20  stm32f4xx_rcc.o(.text)
    RCC_GetSYSCLKSource                      0x080015f5   Thumb Code    12  stm32f4xx_rcc.o(.text)
    RCC_HCLKConfig                           0x08001601   Thumb Code    20  stm32f4xx_rcc.o(.text)
    RCC_PCLK1Config                          0x08001615   Thumb Code    20  stm32f4xx_rcc.o(.text)
    RCC_PCLK2Config                          0x08001629   Thumb Code    22  stm32f4xx_rcc.o(.text)
    RCC_GetClocksFreq                        0x0800163f   Thumb Code   222  stm32f4xx_rcc.o(.text)
    RCC_RTCCLKConfig                         0x0800171d   Thumb Code    54  stm32f4xx_rcc.o(.text)
    RCC_RTCCLKCmd                            0x08001753   Thumb Code     8  stm32f4xx_rcc.o(.text)
    RCC_BackupResetCmd                       0x0800175b   Thumb Code     8  stm32f4xx_rcc.o(.text)
    RCC_I2SCLKConfig                         0x08001763   Thumb Code     6  stm32f4xx_rcc.o(.text)
    RCC_SAIPLLI2SClkDivConfig                0x08001769   Thumb Code    26  stm32f4xx_rcc.o(.text)
    RCC_SAIPLLSAIClkDivConfig                0x08001783   Thumb Code    28  stm32f4xx_rcc.o(.text)
    RCC_SAIBlockACLKConfig                   0x0800179f   Thumb Code    20  stm32f4xx_rcc.o(.text)
    RCC_SAIBlockBCLKConfig                   0x080017b3   Thumb Code    20  stm32f4xx_rcc.o(.text)
    RCC_LTDCCLKDivConfig                     0x080017c7   Thumb Code    20  stm32f4xx_rcc.o(.text)
    RCC_TIMCLKPresConfig                     0x080017db   Thumb Code     6  stm32f4xx_rcc.o(.text)
    RCC_AHB1PeriphClockCmd                   0x080017e1   Thumb Code    34  stm32f4xx_rcc.o(.text)
    RCC_AHB2PeriphClockCmd                   0x08001803   Thumb Code    78  stm32f4xx_rcc.o(.text)
    RCC_AHB3PeriphClockCmd                   0x08001851   Thumb Code    34  stm32f4xx_rcc.o(.text)
    RCC_APB1PeriphClockCmd                   0x08001873   Thumb Code    34  stm32f4xx_rcc.o(.text)
    RCC_APB2PeriphClockCmd                   0x08001895   Thumb Code    34  stm32f4xx_rcc.o(.text)
    RCC_AHB1PeriphResetCmd                   0x080018b7   Thumb Code    34  stm32f4xx_rcc.o(.text)
    RCC_AHB2PeriphResetCmd                   0x080018d9   Thumb Code    34  stm32f4xx_rcc.o(.text)
    RCC_AHB3PeriphResetCmd                   0x080018fb   Thumb Code    34  stm32f4xx_rcc.o(.text)
    RCC_APB1PeriphResetCmd                   0x0800191d   Thumb Code    34  stm32f4xx_rcc.o(.text)
    RCC_APB2PeriphResetCmd                   0x0800193f   Thumb Code    34  stm32f4xx_rcc.o(.text)
    RCC_AHB1PeriphClockLPModeCmd             0x08001961   Thumb Code    34  stm32f4xx_rcc.o(.text)
    RCC_AHB2PeriphClockLPModeCmd             0x08001983   Thumb Code    34  stm32f4xx_rcc.o(.text)
    RCC_AHB3PeriphClockLPModeCmd             0x080019a5   Thumb Code    34  stm32f4xx_rcc.o(.text)
    RCC_APB1PeriphClockLPModeCmd             0x080019c7   Thumb Code    34  stm32f4xx_rcc.o(.text)
    RCC_APB2PeriphClockLPModeCmd             0x080019e9   Thumb Code    34  stm32f4xx_rcc.o(.text)
    RCC_LSEModeConfig                        0x08001a0b   Thumb Code    40  stm32f4xx_rcc.o(.text)
    RCC_ITConfig                             0x08001a33   Thumb Code    34  stm32f4xx_rcc.o(.text)
    RCC_ClearFlag                            0x08001a55   Thumb Code    18  stm32f4xx_rcc.o(.text)
    RCC_GetITStatus                          0x08001a67   Thumb Code    22  stm32f4xx_rcc.o(.text)
    RCC_ClearITPendingBit                    0x08001a7d   Thumb Code     8  stm32f4xx_rcc.o(.text)
    USART_DeInit                             0x08001a89   Thumb Code   206  stm32f4xx_usart.o(.text)
    USART_Init                               0x08001b57   Thumb Code   204  stm32f4xx_usart.o(.text)
    USART_StructInit                         0x08001c23   Thumb Code    24  stm32f4xx_usart.o(.text)
    USART_ClockInit                          0x08001c3b   Thumb Code    32  stm32f4xx_usart.o(.text)
    USART_ClockStructInit                    0x08001c5b   Thumb Code    12  stm32f4xx_usart.o(.text)
    USART_Cmd                                0x08001c67   Thumb Code    24  stm32f4xx_usart.o(.text)
    USART_SetPrescaler                       0x08001c7f   Thumb Code    16  stm32f4xx_usart.o(.text)
    USART_OverSampling8Cmd                   0x08001c8f   Thumb Code    22  stm32f4xx_usart.o(.text)
    USART_OneBitMethodCmd                    0x08001ca5   Thumb Code    24  stm32f4xx_usart.o(.text)
    USART_SendData                           0x08001cbd   Thumb Code     8  stm32f4xx_usart.o(.text)
    USART_ReceiveData                        0x08001cc5   Thumb Code    10  stm32f4xx_usart.o(.text)
    USART_SetAddress                         0x08001ccf   Thumb Code    18  stm32f4xx_usart.o(.text)
    USART_ReceiverWakeUpCmd                  0x08001ce1   Thumb Code    24  stm32f4xx_usart.o(.text)
    USART_WakeUpConfig                       0x08001cf9   Thumb Code    18  stm32f4xx_usart.o(.text)
    USART_LINBreakDetectLengthConfig         0x08001d0b   Thumb Code    18  stm32f4xx_usart.o(.text)
    USART_LINCmd                             0x08001d1d   Thumb Code    24  stm32f4xx_usart.o(.text)
    USART_SendBreak                          0x08001d35   Thumb Code    10  stm32f4xx_usart.o(.text)
    USART_HalfDuplexCmd                      0x08001d3f   Thumb Code    24  stm32f4xx_usart.o(.text)
    USART_SetGuardTime                       0x08001d57   Thumb Code    16  stm32f4xx_usart.o(.text)
    USART_SmartCardCmd                       0x08001d67   Thumb Code    24  stm32f4xx_usart.o(.text)
    USART_SmartCardNACKCmd                   0x08001d7f   Thumb Code    24  stm32f4xx_usart.o(.text)
    USART_IrDAConfig                         0x08001d97   Thumb Code    18  stm32f4xx_usart.o(.text)
    USART_IrDACmd                            0x08001da9   Thumb Code    24  stm32f4xx_usart.o(.text)
    USART_DMACmd                             0x08001dc1   Thumb Code    18  stm32f4xx_usart.o(.text)
    USART_ITConfig                           0x08001dd3   Thumb Code    74  stm32f4xx_usart.o(.text)
    USART_GetFlagStatus                      0x08001e1d   Thumb Code    26  stm32f4xx_usart.o(.text)
    USART_ClearFlag                          0x08001e37   Thumb Code    18  stm32f4xx_usart.o(.text)
    USART_GetITStatus                        0x08001e49   Thumb Code   118  stm32f4xx_usart.o(.text)
    USART_ClearITPendingBit                  0x08001ebf   Thumb Code    30  stm32f4xx_usart.o(.text)
    TIM_DeInit                               0x08001edd   Thumb Code   346  stm32f4xx_tim.o(.text)
    TIM_TimeBaseInit                         0x08002037   Thumb Code   104  stm32f4xx_tim.o(.text)
    TIM_TimeBaseStructInit                   0x0800209f   Thumb Code    18  stm32f4xx_tim.o(.text)
    TIM_PrescalerConfig                      0x080020b1   Thumb Code     6  stm32f4xx_tim.o(.text)
    TIM_CounterModeConfig                    0x080020b7   Thumb Code    18  stm32f4xx_tim.o(.text)
    TIM_SetCounter                           0x080020c9   Thumb Code     4  stm32f4xx_tim.o(.text)
    TIM_SetAutoreload                        0x080020cd   Thumb Code     4  stm32f4xx_tim.o(.text)
    TIM_GetCounter                           0x080020d1   Thumb Code     6  stm32f4xx_tim.o(.text)
    TIM_GetPrescaler                         0x080020d7   Thumb Code     6  stm32f4xx_tim.o(.text)
    TIM_UpdateDisableConfig                  0x080020dd   Thumb Code    24  stm32f4xx_tim.o(.text)
    TIM_UpdateRequestConfig                  0x080020f5   Thumb Code    24  stm32f4xx_tim.o(.text)
    TIM_ARRPreloadConfig                     0x0800210d   Thumb Code    24  stm32f4xx_tim.o(.text)
    TIM_SelectOnePulseMode                   0x08002125   Thumb Code    18  stm32f4xx_tim.o(.text)
    TIM_SetClockDivision                     0x08002137   Thumb Code    18  stm32f4xx_tim.o(.text)
    TIM_Cmd                                  0x08002149   Thumb Code    24  stm32f4xx_tim.o(.text)
    TIM_OC1Init                              0x08002161   Thumb Code   114  stm32f4xx_tim.o(.text)
    TIM_OC2Init                              0x080021d3   Thumb Code   154  stm32f4xx_tim.o(.text)
    TIM_OC3Init                              0x0800226d   Thumb Code   204  stm32f4xx_tim.o(.text)
    TIM_OC4Init                              0x08002339   Thumb Code   112  stm32f4xx_tim.o(.text)
    TIM_OCStructInit                         0x080023a9   Thumb Code    20  stm32f4xx_tim.o(.text)
    TIM_SelectOCxM                           0x080023bd   Thumb Code    86  stm32f4xx_tim.o(.text)
    TIM_SetCompare1                          0x08002413   Thumb Code     4  stm32f4xx_tim.o(.text)
    TIM_SetCompare2                          0x08002417   Thumb Code     4  stm32f4xx_tim.o(.text)
    TIM_SetCompare3                          0x0800241b   Thumb Code     4  stm32f4xx_tim.o(.text)
    TIM_SetCompare4                          0x0800241f   Thumb Code     4  stm32f4xx_tim.o(.text)
    TIM_ForcedOC1Config                      0x08002423   Thumb Code    18  stm32f4xx_tim.o(.text)
    TIM_ForcedOC2Config                      0x08002435   Thumb Code    26  stm32f4xx_tim.o(.text)
    TIM_ForcedOC3Config                      0x0800244f   Thumb Code    18  stm32f4xx_tim.o(.text)
    TIM_ForcedOC4Config                      0x08002461   Thumb Code    26  stm32f4xx_tim.o(.text)
    TIM_OC1PreloadConfig                     0x0800247b   Thumb Code    18  stm32f4xx_tim.o(.text)
    TIM_OC2PreloadConfig                     0x0800248d   Thumb Code    26  stm32f4xx_tim.o(.text)
    TIM_OC3PreloadConfig                     0x080024a7   Thumb Code    18  stm32f4xx_tim.o(.text)
    TIM_OC4PreloadConfig                     0x080024b9   Thumb Code    26  stm32f4xx_tim.o(.text)
    TIM_OC1FastConfig                        0x080024d3   Thumb Code    18  stm32f4xx_tim.o(.text)
    TIM_OC2FastConfig                        0x080024e5   Thumb Code    26  stm32f4xx_tim.o(.text)
    TIM_OC3FastConfig                        0x080024ff   Thumb Code    18  stm32f4xx_tim.o(.text)
    TIM_OC4FastConfig                        0x08002511   Thumb Code    26  stm32f4xx_tim.o(.text)
    TIM_ClearOC1Ref                          0x0800252b   Thumb Code    18  stm32f4xx_tim.o(.text)
    TIM_ClearOC2Ref                          0x0800253d   Thumb Code    24  stm32f4xx_tim.o(.text)
    TIM_ClearOC3Ref                          0x08002555   Thumb Code    18  stm32f4xx_tim.o(.text)
    TIM_ClearOC4Ref                          0x08002567   Thumb Code    24  stm32f4xx_tim.o(.text)
    TIM_OC1PolarityConfig                    0x0800257f   Thumb Code    18  stm32f4xx_tim.o(.text)
    TIM_OC1NPolarityConfig                   0x08002591   Thumb Code    18  stm32f4xx_tim.o(.text)
    TIM_OC2PolarityConfig                    0x080025a3   Thumb Code    26  stm32f4xx_tim.o(.text)
    TIM_OC2NPolarityConfig                   0x080025bd   Thumb Code    26  stm32f4xx_tim.o(.text)
    TIM_OC3PolarityConfig                    0x080025d7   Thumb Code    26  stm32f4xx_tim.o(.text)
    TIM_OC3NPolarityConfig                   0x080025f1   Thumb Code    26  stm32f4xx_tim.o(.text)
    TIM_OC4PolarityConfig                    0x0800260b   Thumb Code    26  stm32f4xx_tim.o(.text)
    TIM_CCxCmd                               0x08002625   Thumb Code    30  stm32f4xx_tim.o(.text)
    TIM_CCxNCmd                              0x08002643   Thumb Code    30  stm32f4xx_tim.o(.text)
    TIM_SetIC4Prescaler                      0x08002661   Thumb Code    26  stm32f4xx_tim.o(.text)
    TIM_SetIC3Prescaler                      0x080026cb   Thumb Code    18  stm32f4xx_tim.o(.text)
    TIM_SetIC2Prescaler                      0x08002725   Thumb Code    26  stm32f4xx_tim.o(.text)
    TIM_SetIC1Prescaler                      0x08002799   Thumb Code    18  stm32f4xx_tim.o(.text)
    TIM_ICInit                               0x080027e5   Thumb Code   110  stm32f4xx_tim.o(.text)
    TIM_ICStructInit                         0x08002853   Thumb Code    18  stm32f4xx_tim.o(.text)
    TIM_PWMIConfig                           0x08002865   Thumb Code   124  stm32f4xx_tim.o(.text)
    TIM_GetCapture1                          0x080028e1   Thumb Code     6  stm32f4xx_tim.o(.text)
    TIM_GetCapture2                          0x080028e7   Thumb Code     6  stm32f4xx_tim.o(.text)
    TIM_GetCapture3                          0x080028ed   Thumb Code     6  stm32f4xx_tim.o(.text)
    TIM_GetCapture4                          0x080028f3   Thumb Code     6  stm32f4xx_tim.o(.text)
    TIM_BDTRConfig                           0x080028f9   Thumb Code    32  stm32f4xx_tim.o(.text)
    TIM_BDTRStructInit                       0x08002919   Thumb Code    18  stm32f4xx_tim.o(.text)
    TIM_CtrlPWMOutputs                       0x0800292b   Thumb Code    30  stm32f4xx_tim.o(.text)
    TIM_SelectCOM                            0x08002949   Thumb Code    24  stm32f4xx_tim.o(.text)
    TIM_CCPreloadControl                     0x08002961   Thumb Code    24  stm32f4xx_tim.o(.text)
    TIM_ITConfig                             0x08002979   Thumb Code    18  stm32f4xx_tim.o(.text)
    TIM_GenerateEvent                        0x0800298b   Thumb Code     4  stm32f4xx_tim.o(.text)
    TIM_GetFlagStatus                        0x0800298f   Thumb Code    18  stm32f4xx_tim.o(.text)
    TIM_ClearFlag                            0x080029a1   Thumb Code     6  stm32f4xx_tim.o(.text)
    TIM_GetITStatus                          0x080029a7   Thumb Code    34  stm32f4xx_tim.o(.text)
    TIM_ClearITPendingBit                    0x080029c9   Thumb Code     6  stm32f4xx_tim.o(.text)
    TIM_DMAConfig                            0x080029cf   Thumb Code    10  stm32f4xx_tim.o(.text)
    TIM_DMACmd                               0x080029d9   Thumb Code    18  stm32f4xx_tim.o(.text)
    TIM_SelectCCDMA                          0x080029eb   Thumb Code    24  stm32f4xx_tim.o(.text)
    TIM_InternalClockConfig                  0x08002a03   Thumb Code    12  stm32f4xx_tim.o(.text)
    TIM_SelectInputTrigger                   0x08002a0f   Thumb Code    18  stm32f4xx_tim.o(.text)
    TIM_ITRxExternalClockConfig              0x08002a21   Thumb Code    24  stm32f4xx_tim.o(.text)
    TIM_TIxExternalClockConfig               0x08002a39   Thumb Code    62  stm32f4xx_tim.o(.text)
    TIM_ETRConfig                            0x08002a77   Thumb Code    28  stm32f4xx_tim.o(.text)
    TIM_ETRClockMode1Config                  0x08002a93   Thumb Code    54  stm32f4xx_tim.o(.text)
    TIM_ETRClockMode2Config                  0x08002ac9   Thumb Code    32  stm32f4xx_tim.o(.text)
    TIM_SelectOutputTrigger                  0x08002ae9   Thumb Code    18  stm32f4xx_tim.o(.text)
    TIM_SelectSlaveMode                      0x08002afb   Thumb Code    18  stm32f4xx_tim.o(.text)
    TIM_SelectMasterSlaveMode                0x08002b0d   Thumb Code    18  stm32f4xx_tim.o(.text)
    TIM_EncoderInterfaceConfig               0x08002b1f   Thumb Code    66  stm32f4xx_tim.o(.text)
    TIM_SelectHallSensor                     0x08002b61   Thumb Code    24  stm32f4xx_tim.o(.text)
    TIM_RemapConfig                          0x08002b79   Thumb Code     6  stm32f4xx_tim.o(.text)
    delay_osschedlock                        0x08002b81   Thumb Code    10  delay.o(.text)
    delay_osschedunlock                      0x08002b8b   Thumb Code    10  delay.o(.text)
    delay_ostimedly                          0x08002b95   Thumb Code    16  delay.o(.text)
    SysTick_Handler                          0x08002ba5   Thumb Code    24  delay.o(.text)
    delay_init                               0x08002bbd   Thumb Code    94  delay.o(.text)
    delay_us                                 0x08002c1b   Thumb Code    84  delay.o(.text)
    delay_ms                                 0x08002c6f   Thumb Code    66  delay.o(.text)
    _sys_exit                                0x08002cc9   Thumb Code     6  usart.o(.text)
    fputc                                    0x08002ccf   Thumb Code    22  usart.o(.text)
    uart_init                                0x08002ce5   Thumb Code   172  usart.o(.text)
    USART1_IRQHandler                        0x08002d91   Thumb Code   130  usart.o(.text)
    BSP_CPU_ClkFreq                          0x08002e25   Thumb Code    14  bsp.o(.text)
    CPU_TS_TmrInit                           0x08002e33   Thumb Code    44  bsp.o(.text)
    CPU_TS_TmrRd                             0x08002e5f   Thumb Code     6  bsp.o(.text)
    CPU_TS32_to_uSec                         0x08002e65   Thumb Code    54  bsp.o(.text)
    CPU_NameClr                              0x08002ea9   Thumb Code    42  cpu_core.o(.text)
    CPU_Init                                 0x08002ee9   Thumb Code    12  cpu_core.o(.text)
    CPU_SW_Exception                         0x08002ef5   Thumb Code     4  cpu_core.o(.text)
    CPU_NameGet                              0x08002ef9   Thumb Code    70  cpu_core.o(.text)
    CPU_NameSet                              0x08002f3f   Thumb Code    96  cpu_core.o(.text)
    CPU_TS_Get32                             0x08002f9f   Thumb Code    12  cpu_core.o(.text)
    CPU_TS_Update                            0x08002fab   Thumb Code     2  cpu_core.o(.text)
    CPU_TS_TmrFreqGet                        0x08002fad   Thumb Code    30  cpu_core.o(.text)
    CPU_TS_TmrFreqSet                        0x08002fcb   Thumb Code     6  cpu_core.o(.text)
    CPU_CntLeadZeros08                       0x08002fd1   Thumb Code    18  cpu_core.o(.text)
    CPU_CntLeadZeros16                       0x08002fe3   Thumb Code    18  cpu_core.o(.text)
    CPU_CntLeadZeros32                       0x08002ff5   Thumb Code    18  cpu_core.o(.text)
    CPU_CntLeadZeros64                       0x08003007   Thumb Code   188  cpu_core.o(.text)
    CPU_CntTrailZeros08                      0x080030c3   Thumb Code    22  cpu_core.o(.text)
    CPU_CntTrailZeros16                      0x080030d9   Thumb Code    22  cpu_core.o(.text)
    CPU_CntTrailZeros32                      0x080030ef   Thumb Code    22  cpu_core.o(.text)
    CPU_CntTrailZeros64                      0x08003105   Thumb Code    62  cpu_core.o(.text)
    CPU_IntDis                               0x08003151   Thumb Code     0  cpu_a.o(.text)
    CPU_IntEn                                0x08003155   Thumb Code     0  cpu_a.o(.text)
    CPU_SR_Save                              0x08003159   Thumb Code     0  cpu_a.o(.text)
    CPU_SR_Restore                           0x08003161   Thumb Code     0  cpu_a.o(.text)
    CPU_WaitForInt                           0x08003167   Thumb Code     0  cpu_a.o(.text)
    CPU_WaitForExcept                        0x0800316b   Thumb Code     0  cpu_a.o(.text)
    CPU_CntLeadZeros                         0x0800316f   Thumb Code     0  cpu_a.o(.text)
    CPU_CntTrailZeros                        0x08003175   Thumb Code     0  cpu_a.o(.text)
    CPU_RevBits                              0x0800317f   Thumb Code     0  cpu_a.o(.text)
    ASCII_IsAlpha                            0x08003185   Thumb Code    48  lib_ascii.o(.text)
    ASCII_IsAlphaNum                         0x080031b5   Thumb Code    76  lib_ascii.o(.text)
    ASCII_IsLower                            0x08003201   Thumb Code    20  lib_ascii.o(.text)
    ASCII_IsUpper                            0x08003215   Thumb Code    20  lib_ascii.o(.text)
    ASCII_IsDig                              0x08003229   Thumb Code    20  lib_ascii.o(.text)
    ASCII_IsDigOct                           0x0800323d   Thumb Code    20  lib_ascii.o(.text)
    ASCII_IsDigHex                           0x08003251   Thumb Code    36  lib_ascii.o(.text)
    ASCII_IsBlank                            0x08003275   Thumb Code    20  lib_ascii.o(.text)
    ASCII_IsSpace                            0x08003289   Thumb Code    36  lib_ascii.o(.text)
    ASCII_IsPrint                            0x080032ad   Thumb Code    20  lib_ascii.o(.text)
    ASCII_IsGraph                            0x080032c1   Thumb Code    20  lib_ascii.o(.text)
    ASCII_IsPunct                            0x080032d5   Thumb Code   134  lib_ascii.o(.text)
    ASCII_IsCtrl                             0x0800335b   Thumb Code    26  lib_ascii.o(.text)
    ASCII_ToLower                            0x08003375   Thumb Code    32  lib_ascii.o(.text)
    ASCII_ToUpper                            0x08003395   Thumb Code    32  lib_ascii.o(.text)
    ASCII_Cmp                                0x080033b5   Thumb Code    38  lib_ascii.o(.text)
    Mem_Init                                 0x080033dd   Thumb Code    54  lib_mem.o(.text)
    Mem_Set                                  0x08003413   Thumb Code    84  lib_mem.o(.text)
    Mem_Clr                                  0x08003467   Thumb Code    18  lib_mem.o(.text)
    Mem_Move                                 0x08003479   Thumb Code   186  lib_mem.o(.text)
    Mem_Cmp                                  0x08003533   Thumb Code   192  lib_mem.o(.text)
    Mem_HeapAlloc                            0x0800366b   Thumb Code   168  lib_mem.o(.text)
    Mem_SegGetSizeRem                        0x08003713   Thumb Code   108  lib_mem.o(.text)
    Mem_HeapGetSizeRem                       0x0800377f   Thumb Code    22  lib_mem.o(.text)
    Mem_PoolClr                              0x08003795   Thumb Code    80  lib_mem.o(.text)
    Mem_PoolCreate                           0x080037e5   Thumb Code   838  lib_mem.o(.text)
    Mem_PoolBlkGetNbrAvail                   0x08003b2b   Thumb Code    52  lib_mem.o(.text)
    Mem_PoolBlkGet                           0x08003b5f   Thumb Code   126  lib_mem.o(.text)
    Mem_PoolBlkGetUsedAtIx                   0x08003bdd   Thumb Code   140  lib_mem.o(.text)
    Mem_PoolBlkFree                          0x08003c69   Thumb Code   152  lib_mem.o(.text)
    Mem_PoolBlkIxGet                         0x08003d01   Thumb Code   162  lib_mem.o(.text)
    Str_Len_N                                0x08003da5   Thumb Code    28  lib_str.o(.text)
    Str_Len                                  0x08003dc1   Thumb Code    20  lib_str.o(.text)
    Str_Copy_N                               0x08003dd5   Thumb Code    70  lib_str.o(.text)
    Str_Copy                                 0x08003e1b   Thumb Code    24  lib_str.o(.text)
    Str_Cat_N                                0x08003e33   Thumb Code    90  lib_str.o(.text)
    Str_Cat                                  0x08003e8d   Thumb Code    24  lib_str.o(.text)
    Str_Cmp_N                                0x08003ea5   Thumb Code   156  lib_str.o(.text)
    Str_Cmp                                  0x08003f41   Thumb Code    24  lib_str.o(.text)
    Str_CmpIgnoreCase_N                      0x08003f59   Thumb Code   264  lib_str.o(.text)
    Str_CmpIgnoreCase                        0x08004061   Thumb Code    24  lib_str.o(.text)
    Str_Char_N                               0x08004079   Thumb Code    74  lib_str.o(.text)
    Str_Char                                 0x080040c3   Thumb Code    24  lib_str.o(.text)
    Str_Char_Last_N                          0x080040db   Thumb Code    76  lib_str.o(.text)
    Str_Char_Last                            0x08004127   Thumb Code    24  lib_str.o(.text)
    Str_Char_Replace_N                       0x0800413f   Thumb Code    52  lib_str.o(.text)
    Str_Char_Replace                         0x08004173   Thumb Code    28  lib_str.o(.text)
    Str_Str_N                                0x0800418f   Thumb Code   182  lib_str.o(.text)
    Str_Str                                  0x08004245   Thumb Code    24  lib_str.o(.text)
    Str_FmtNbr_Int32U                        0x08004439   Thumb Code    46  lib_str.o(.text)
    Str_FmtNbr_Int32S                        0x08004467   Thumb Code    62  lib_str.o(.text)
    Str_ParseNbr_Int32U                      0x08004663   Thumb Code    30  lib_str.o(.text)
    Str_ParseNbr_Int32S                      0x08004681   Thumb Code    74  lib_str.o(.text)
    Mem_Copy                                 0x080046d1   Thumb Code     0  lib_mem_a.o(.text)
    OSCfg_Init                               0x080048f1   Thumb Code    86  os_cfg_app.o(.text)
    OS_IdleTask                              0x080049ed   Thumb Code    60  os_core.o(.text)
    OS_IdleTaskInit                          0x08004a29   Thumb Code    68  os_core.o(.text)
    OS_RdyListInit                           0x08004a6d   Thumb Code    32  os_core.o(.text)
    OSInit                                   0x08004a8d   Thumb Code   300  os_core.o(.text)
    OSIntEnter                               0x08004bb9   Thumb Code    34  os_core.o(.text)
    OSIntExit                                0x08004bdb   Thumb Code   188  os_core.o(.text)
    OSSched                                  0x08004c97   Thumb Code   130  os_core.o(.text)
    OS_SchedLockTimeMeasStart                0x08004d19   Thumb Code    20  os_core.o(.text)
    OSSchedLock                              0x08004d2d   Thumb Code   104  os_core.o(.text)
    OS_SchedLockTimeMeasStop                 0x08004d95   Thumb Code    44  os_core.o(.text)
    OSSchedUnlock                            0x08004dc1   Thumb Code   286  os_core.o(.text)
    OSSchedRoundRobinCfg                     0x08004edf   Thumb Code    88  os_core.o(.text)
    OS_RdyListMoveHeadToTail                 0x08004f37   Thumb Code    68  os_core.o(.text)
    OSSchedRoundRobinYield                   0x08004f7b   Thumb Code   164  os_core.o(.text)
    OSStart                                  0x0800501f   Thumb Code    78  os_core.o(.text)
    OSVersion                                0x0800506d   Thumb Code    12  os_core.o(.text)
    OS_PendDbgNameAdd                        0x08005079   Thumb Code    66  os_core.o(.text)
    OS_PendListInsertPrio                    0x080050bb   Thumb Code   102  os_core.o(.text)
    OS_PendDataInit                          0x08005121   Thumb Code    38  os_core.o(.text)
    OS_RdyListRemove                         0x08005147   Thumb Code    86  os_core.o(.text)
    OS_TaskBlock                             0x0800519d   Thumb Code    56  os_core.o(.text)
    OS_Pend                                  0x080051d5   Thumb Code    98  os_core.o(.text)
    OS_PendListRemove1                       0x08005237   Thumb Code   136  os_core.o(.text)
    OS_PendListRemove                        0x080052bf   Thumb Code    48  os_core.o(.text)
    OS_PendAbort1                            0x080052ef   Thumb Code    36  os_core.o(.text)
    OS_RdyListInsertHead                     0x08005313   Thumb Code    58  os_core.o(.text)
    OS_RdyListInsertTail                     0x0800534d   Thumb Code    56  os_core.o(.text)
    OS_RdyListInsert                         0x08005385   Thumb Code    40  os_core.o(.text)
    OS_TaskRdy                               0x080053ad   Thumb Code    28  os_core.o(.text)
    OS_PendAbort                             0x080053c9   Thumb Code   166  os_core.o(.text)
    OS_PendDbgNameRemove                     0x0800546f   Thumb Code    34  os_core.o(.text)
    OS_PendListChangePrio                    0x08005491   Thumb Code    70  os_core.o(.text)
    OS_PendListInit                          0x080054d7   Thumb Code    10  os_core.o(.text)
    OS_PendListInsertHead                    0x080054e1   Thumb Code    32  os_core.o(.text)
    OS_PendObjDel1                           0x08005501   Thumb Code    36  os_core.o(.text)
    OS_PendObjDel                            0x08005525   Thumb Code   162  os_core.o(.text)
    OS_Post1                                 0x080055c7   Thumb Code    42  os_core.o(.text)
    OS_Post                                  0x080055f1   Thumb Code   192  os_core.o(.text)
    OS_Sched0                                0x080056b1   Thumb Code    68  os_core.o(.text)
    OS_SchedRoundRobin                       0x080056f5   Thumb Code   218  os_core.o(.text)
    OS_Dbg_Init                              0x080057dd   Thumb Code   146  os_dbg.o(.text)
    OS_FlagDbgListAdd                        0x0800598d   Thumb Code    38  os_flag.o(.text)
    OSFlagCreate                             0x080059b3   Thumb Code   172  os_flag.o(.text)
    OS_FlagClr                               0x08005a5f   Thumb Code    28  os_flag.o(.text)
    OS_FlagDbgListRemove                     0x08005a7b   Thumb Code    44  os_flag.o(.text)
    OSFlagDel                                0x08005aa7   Thumb Code   594  os_flag.o(.text)
    OS_FlagBlock                             0x08005cf9   Thumb Code    58  os_flag.o(.text)
    OSFlagPend                               0x08005d33   Thumb Code  1488  os_flag.o(.text)
    OSFlagPendAbort                          0x08006303   Thumb Code   292  os_flag.o(.text)
    OSFlagPendGetFlagsRdy                    0x08006427   Thumb Code    68  os_flag.o(.text)
    OS_FlagTaskRdy                           0x0800646b   Thumb Code    86  os_flag.o(.text)
    OS_FlagPost                              0x080064c1   Thumb Code   570  os_flag.o(.text)
    OSFlagPost                               0x080066fb   Thumb Code   146  os_flag.o(.text)
    OS_FlagInit                              0x0800678d   Thumb Code    14  os_flag.o(.text)
    OS_IntQPost                              0x080067b5   Thumb Code   216  os_int.o(.text)
    OS_IntQRePost                            0x0800688d   Thumb Code   360  os_int.o(.text)
    OS_IntQTask                              0x080069f5   Thumb Code   162  os_int.o(.text)
    OS_IntQTaskInit                          0x08006a97   Thumb Code   208  os_int.o(.text)
    OS_MemDbgListAdd                         0x08006bf9   Thumb Code    34  os_mem.o(.text)
    OSMemCreate                              0x08006c1b   Thumb Code   288  os_mem.o(.text)
    OSMemGet                                 0x08006d3b   Thumb Code   100  os_mem.o(.text)
    OSMemPut                                 0x08006d9f   Thumb Code   112  os_mem.o(.text)
    OS_MemInit                               0x08006e0f   Thumb Code    14  os_mem.o(.text)
    OS_MsgPoolCreate                         0x08006e31   Thumb Code    54  os_msg.o(.text)
    OS_MsgPoolInit                           0x08006e67   Thumb Code    70  os_msg.o(.text)
    OS_MsgQFreeAll                           0x08006ead   Thumb Code    62  os_msg.o(.text)
    OS_MsgQInit                              0x08006eeb   Thumb Code    14  os_msg.o(.text)
    OS_MsgQGet                               0x08006ef9   Thumb Code    98  os_msg.o(.text)
    OS_MsgQPut                               0x08006f5b   Thumb Code   246  os_msg.o(.text)
    OS_MutexDbgListAdd                       0x0800705d   Thumb Code    38  os_mutex.o(.text)
    OSMutexCreate                            0x08007083   Thumb Code   178  os_mutex.o(.text)
    OS_MutexClr                              0x08007135   Thumb Code    38  os_mutex.o(.text)
    OS_MutexDbgListRemove                    0x0800715b   Thumb Code    44  os_mutex.o(.text)
    OSMutexDel                               0x08007187   Thumb Code   842  os_mutex.o(.text)
    OSMutexPend                              0x080074d1   Thumb Code   706  os_mutex.o(.text)
    OSMutexPendAbort                         0x08007793   Thumb Code   314  os_mutex.o(.text)
    OSMutexPost                              0x080078cd   Thumb Code   564  os_mutex.o(.text)
    OS_MutexInit                             0x08007b01   Thumb Code    14  os_mutex.o(.text)
    OS_PrioInit                              0x08007b31   Thumb Code    20  os_prio.o(.text)
    OS_PrioGetHighest                        0x08007b45   Thumb Code    36  os_prio.o(.text)
    OS_PrioInsert                            0x08007b69   Thumb Code    32  os_prio.o(.text)
    OS_PrioRemove                            0x08007b89   Thumb Code    32  os_prio.o(.text)
    OS_QDbgListAdd                           0x08007bad   Thumb Code    38  os_q.o(.text)
    OSQCreate                                0x08007bd3   Thumb Code   186  os_q.o(.text)
    OS_QClr                                  0x08007c8d   Thumb Code    40  os_q.o(.text)
    OS_QDbgListRemove                        0x08007cb5   Thumb Code    44  os_q.o(.text)
    OSQDel                                   0x08007ce1   Thumb Code   362  os_q.o(.text)
    OSQFlush                                 0x08007e4b   Thumb Code   210  os_q.o(.text)
    OSQPend                                  0x08007f1d   Thumb Code   538  os_q.o(.text)
    OSQPendAbort                             0x08008137   Thumb Code   292  os_q.o(.text)
    OS_QPost                                 0x0800825b   Thumb Code   324  os_q.o(.text)
    OSQPost                                  0x0800839f   Thumb Code   198  os_q.o(.text)
    OS_QInit                                 0x08008465   Thumb Code    14  os_q.o(.text)
    OS_SemDbgListAdd                         0x08008485   Thumb Code    38  os_sem.o(.text)
    OSSemCreate                              0x080084ab   Thumb Code   172  os_sem.o(.text)
    OS_SemClr                                0x08008557   Thumb Code    28  os_sem.o(.text)
    OS_SemDbgListRemove                      0x08008573   Thumb Code    44  os_sem.o(.text)
    OSSemDel                                 0x0800859f   Thumb Code   362  os_sem.o(.text)
    OSSemPend                                0x08008709   Thumb Code   504  os_sem.o(.text)
    OSSemPendAbort                           0x08008901   Thumb Code   292  os_sem.o(.text)
    OS_SemPost                               0x08008a25   Thumb Code   350  os_sem.o(.text)
    OSSemPost                                0x08008b83   Thumb Code   144  os_sem.o(.text)
    OSSemSet                                 0x08008c13   Thumb Code   138  os_sem.o(.text)
    OS_SemInit                               0x08008c9d   Thumb Code    14  os_sem.o(.text)
    OSStatReset                              0x08008cb5   Thumb Code   270  os_stat.o(.text)
    OSStatTaskCPUUsageInit                   0x08008dc3   Thumb Code   212  os_stat.o(.text)
    OS_StatTask                              0x08008e97   Thumb Code   888  os_stat.o(.text)
    OS_StatTaskInit                          0x0800920f   Thumb Code   138  os_stat.o(.text)
    OSTaskChangePrio                         0x080092ed   Thumb Code   416  os_task.o(.text)
    OS_TaskDbgListAdd                        0x0800948d   Thumb Code    42  os_task.o(.text)
    OS_TaskInitTCB                           0x080094b7   Thumb Code   186  os_task.o(.text)
    OSTaskCreate                             0x08009571   Thumb Code   616  os_task.o(.text)
    OS_TaskDbgListRemove                     0x080097d9   Thumb Code    64  os_task.o(.text)
    OSTaskDel                                0x08009819   Thumb Code   424  os_task.o(.text)
    OSTaskQFlush                             0x080099c1   Thumb Code   214  os_task.o(.text)
    OSTaskQPend                              0x08009a97   Thumb Code   554  os_task.o(.text)
    OSTaskQPendAbort                         0x08009cc1   Thumb Code   242  os_task.o(.text)
    OS_TaskQPost                             0x08009db3   Thumb Code   526  os_task.o(.text)
    OSTaskQPost                              0x08009fc1   Thumb Code   114  os_task.o(.text)
    OSTaskRegGet                             0x0800a033   Thumb Code    78  os_task.o(.text)
    OSTaskRegGetID                           0x0800a081   Thumb Code    84  os_task.o(.text)
    OSTaskRegSet                             0x0800a0d5   Thumb Code    78  os_task.o(.text)
    OS_TaskResume                            0x0800a123   Thumb Code   314  os_task.o(.text)
    OSTaskResume                             0x0800a25d   Thumb Code   112  os_task.o(.text)
    OSTaskSemPend                            0x0800a2cd   Thumb Code   550  os_task.o(.text)
    OSTaskSemPendAbort                       0x0800a4f3   Thumb Code   270  os_task.o(.text)
    OS_TaskSemPost                           0x0800a601   Thumb Code  1224  os_task.o(.text)
    OSTaskSemPost                            0x0800aac9   Thumb Code    98  os_task.o(.text)
    OSTaskSemSet                             0x0800ab2b   Thumb Code    80  os_task.o(.text)
    OSTaskStkChk                             0x0800ab7b   Thumb Code   224  os_task.o(.text)
    OS_TaskSuspend                           0x0800ac5b   Thumb Code   328  os_task.o(.text)
    OSTaskSuspend                            0x0800ada3   Thumb Code    78  os_task.o(.text)
    OSTaskTimeQuantaSet                      0x0800adf1   Thumb Code    96  os_task.o(.text)
    OS_TaskInit                              0x0800ae51   Thumb Code    18  os_task.o(.text)
    OS_TaskReturn                            0x0800ae63   Thumb Code    20  os_task.o(.text)
    OS_TickListRemove                        0x0800aea1   Thumb Code    56  os_tick.o(.text)
    OS_TickListUpdate                        0x0800aed9   Thumb Code   480  os_tick.o(.text)
    OS_TickTask                              0x0800b0b9   Thumb Code    38  os_tick.o(.text)
    OS_TickListInit                          0x0800b0df   Thumb Code    32  os_tick.o(.text)
    OS_TickTaskInit                          0x0800b0ff   Thumb Code   130  os_tick.o(.text)
    OS_TickListInsert                        0x0800b181   Thumb Code   502  os_tick.o(.text)
    OS_TickListResetPeak                     0x0800b377   Thumb Code    28  os_tick.o(.text)
    OSTimeDly                                0x0800b39d   Thumb Code   266  os_time.o(.text)
    OSTimeDlyHMSM                            0x0800b4a7   Thumb Code   480  os_time.o(.text)
    OSTimeDlyResume                          0x0800b687   Thumb Code   466  os_time.o(.text)
    OSTimeGet                                0x0800b859   Thumb Code    46  os_time.o(.text)
    OSTimeSet                                0x0800b887   Thumb Code    46  os_time.o(.text)
    OSTimeTick                               0x0800b8b5   Thumb Code    54  os_time.o(.text)
    OS_TmrDbgListAdd                         0x0800b901   Thumb Code    34  os_tmr.o(.text)
    OSTmrCreate                              0x0800b923   Thumb Code   248  os_tmr.o(.text)
    OS_TmrClr                                0x0800ba1b   Thumb Code    36  os_tmr.o(.text)
    OS_TmrUnlink                             0x0800ba3f   Thumb Code    72  os_tmr.o(.text)
    OS_TmrDbgListRemove                      0x0800ba87   Thumb Code    44  os_tmr.o(.text)
    OSTmrDel                                 0x0800bab3   Thumb Code   176  os_tmr.o(.text)
    OSTmrRemainGet                           0x0800bb63   Thumb Code   184  os_tmr.o(.text)
    OS_TmrLink                               0x0800bc1b   Thumb Code   196  os_tmr.o(.text)
    OSTmrStart                               0x0800bcdf   Thumb Code   210  os_tmr.o(.text)
    OSTmrStateGet                            0x0800bdb1   Thumb Code   134  os_tmr.o(.text)
    OSTmrStop                                0x0800be37   Thumb Code   232  os_tmr.o(.text)
    OS_TmrTask                               0x0800bf1f   Thumb Code   176  os_tmr.o(.text)
    OS_TmrInit                               0x0800bfcf   Thumb Code   208  os_tmr.o(.text)
    OS_TmrResetPeak                          0x0800c09f   Thumb Code    28  os_tmr.o(.text)
    OSIdleTaskHook                           0x0800c119   Thumb Code    16  os_cpu_c.o(.text)
    OSInitHook                               0x0800c129   Thumb Code    28  os_cpu_c.o(.text)
    OSStatTaskHook                           0x0800c145   Thumb Code    16  os_cpu_c.o(.text)
    OSTaskCreateHook                         0x0800c155   Thumb Code    20  os_cpu_c.o(.text)
    OSTaskDelHook                            0x0800c169   Thumb Code    20  os_cpu_c.o(.text)
    OSTaskReturnHook                         0x0800c17d   Thumb Code    20  os_cpu_c.o(.text)
    OSTaskStkInit                            0x0800c191   Thumb Code   600  os_cpu_c.o(.text)
    OSTaskSwHook                             0x0800c3e9   Thumb Code   120  os_cpu_c.o(.text)
    OSTimeTickHook                           0x0800c461   Thumb Code    16  os_cpu_c.o(.text)
    OS_CPU_SysTickHandler                    0x0800c471   Thumb Code    52  os_cpu_c.o(.text)
    OS_CPU_SysTickInit                       0x0800c4a5   Thumb Code    44  os_cpu_c.o(.text)
    PID_Set_KP_KI_KD                         0x0800c511   Thumb Code    14  pid.o(.text)
    SetPoint                                 0x0800c51f   Thumb Code     6  pid.o(.text)
    PID_Init                                 0x0800c525   Thumb Code    58  pid.o(.text)
    PID_PosLocCalc                           0x0800c55f   Thumb Code   284  pid.o(.text)
    PID_IncCalc                              0x0800c67b   Thumb Code   132  pid.o(.text)
    PID_Set_Init                             0x0800c6ff   Thumb Code   124  pid.o(.text)
    __use_no_semihosting                     0x0800c7bd   Thumb Code     2  use_no_semi_2.o(.text)
    __aeabi_uldivmod                         0x0800c7bf   Thumb Code     0  lludivv7m.o(.text)
    _ll_udiv                                 0x0800c7bf   Thumb Code   238  lludivv7m.o(.text)
    __2printf                                0x0800c8ad   Thumb Code    20  noretval__2printf.o(.text)
    __printf                                 0x0800c8c5   Thumb Code   104  __printf.o(.text)
    _printf_int_dec                          0x0800c92d   Thumb Code   104  _printf_dec.o(.text)
    __use_two_region_memory                  0x0800c9a5   Thumb Code     2  heapauxi.o(.text)
    __rt_heap_escrow$2region                 0x0800c9a7   Thumb Code     2  heapauxi.o(.text)
    __rt_heap_expand$2region                 0x0800c9a9   Thumb Code     2  heapauxi.o(.text)
    __I$use$semihosting                      0x0800c9ab   Thumb Code     0  use_no_semi.o(.text)
    __use_no_semihosting_swi                 0x0800c9ab   Thumb Code     2  use_no_semi.o(.text)
    _printf_int_common                       0x0800c9ad   Thumb Code   178  _printf_intcommon.o(.text)
    _printf_char_file                        0x0800ca61   Thumb Code    32  _printf_char_file.o(.text)
    _printf_char_common                      0x0800ca8f   Thumb Code    32  _printf_char_common.o(.text)
    ferror                                   0x0800cab5   Thumb Code     8  ferror.o(.text)
    __user_setup_stackheap                   0x0800cabd   Thumb Code    74  sys_stackheap_outer.o(.text)
    exit                                     0x0800cb07   Thumb Code    18  exit.o(.text)
    __user_libspace                          0x0800cb19   Thumb Code     8  libspace.o(.text)
    __user_perproc_libspace                  0x0800cb19   Thumb Code     0  libspace.o(.text)
    __user_perthread_libspace                0x0800cb19   Thumb Code     0  libspace.o(.text)
    OSStartHighRdy                           0x0800cb21   Thumb Code     0  os_cpu_a.o(CODE)
    OSCtxSw                                  0x0800cb43   Thumb Code     0  os_cpu_a.o(CODE)
    OSIntCtxSw                               0x0800cb4d   Thumb Code     0  os_cpu_a.o(CODE)
    PendSV_Handler                           0x0800cb57   Thumb Code     0  os_cpu_a.o(CODE)
    __aeabi_dadd                             0x0800cbcd   Thumb Code     0  daddsub_clz.o(x$fpl$dadd)
    _dadd                                    0x0800cbcd   Thumb Code   332  daddsub_clz.o(x$fpl$dadd)
    __fpl_dcmp_Inf                           0x0800cd1d   Thumb Code    24  dcmpi.o(x$fpl$dcmpinf)
    __aeabi_d2iz                             0x0800cd35   Thumb Code     0  dfix.o(x$fpl$dfix)
    _dfix                                    0x0800cd35   Thumb Code    94  dfix.o(x$fpl$dfix)
    __aeabi_cdcmple                          0x0800cd95   Thumb Code     0  dleqf.o(x$fpl$dleqf)
    _dcmple                                  0x0800cd95   Thumb Code   120  dleqf.o(x$fpl$dleqf)
    __fpl_dcmple_InfNaN                      0x0800cdf7   Thumb Code     0  dleqf.o(x$fpl$dleqf)
    __aeabi_dmul                             0x0800ce0d   Thumb Code     0  dmul.o(x$fpl$dmul)
    _dmul                                    0x0800ce0d   Thumb Code   332  dmul.o(x$fpl$dmul)
    __fpl_dnaninf                            0x0800cf61   Thumb Code   156  dnaninf.o(x$fpl$dnaninf)
    __fpl_dretinf                            0x0800cffd   Thumb Code    12  dretinf.o(x$fpl$dretinf)
    __aeabi_cdrcmple                         0x0800d009   Thumb Code     0  drleqf.o(x$fpl$drleqf)
    _drcmple                                 0x0800d009   Thumb Code   108  drleqf.o(x$fpl$drleqf)
    __aeabi_dsub                             0x0800d075   Thumb Code     0  daddsub_clz.o(x$fpl$dsub)
    _dsub                                    0x0800d075   Thumb Code   464  daddsub_clz.o(x$fpl$dsub)
    __aeabi_f2d                              0x0800d249   Thumb Code     0  f2d.o(x$fpl$f2d)
    _f2d                                     0x0800d249   Thumb Code    86  f2d.o(x$fpl$f2d)
    __fpl_fnaninf                            0x0800d29f   Thumb Code   140  fnaninf.o(x$fpl$fnaninf)
    _fp_init                                 0x0800d32b   Thumb Code    10  fpinit.o(x$fpl$fpinit)
    __fplib_config_fpu_vfp                   0x0800d333   Thumb Code     0  fpinit.o(x$fpl$fpinit)
    __fplib_config_pureend_doubles           0x0800d333   Thumb Code     0  fpinit.o(x$fpl$fpinit)
    __I$use$fp                               0x0800d334   Number         0  usenofp.o(x$fpl$usenofp)
    CPU_EndiannessTest                       0x0800d434   Data           4  cpu_core.o(.constdata)
    OSCfg_IdleTaskStkBasePtr                 0x0800d4cc   Data           4  os_cfg_app.o(.constdata)
    OSCfg_IdleTaskStkLimit                   0x0800d4d0   Data           4  os_cfg_app.o(.constdata)
    OSCfg_IdleTaskStkSize                    0x0800d4d4   Data           4  os_cfg_app.o(.constdata)
    OSCfg_IdleTaskStkSizeRAM                 0x0800d4d8   Data           4  os_cfg_app.o(.constdata)
    OSCfg_IntQBasePtr                        0x0800d4dc   Data           4  os_cfg_app.o(.constdata)
    OSCfg_IntQSize                           0x0800d4e0   Data           2  os_cfg_app.o(.constdata)
    OSCfg_IntQSizeRAM                        0x0800d4e4   Data           4  os_cfg_app.o(.constdata)
    OSCfg_IntQTaskStkBasePtr                 0x0800d4e8   Data           4  os_cfg_app.o(.constdata)
    OSCfg_IntQTaskStkLimit                   0x0800d4ec   Data           4  os_cfg_app.o(.constdata)
    OSCfg_IntQTaskStkSize                    0x0800d4f0   Data           4  os_cfg_app.o(.constdata)
    OSCfg_IntQTaskStkSizeRAM                 0x0800d4f4   Data           4  os_cfg_app.o(.constdata)
    OSCfg_ISRStkBasePtr                      0x0800d4f8   Data           4  os_cfg_app.o(.constdata)
    OSCfg_ISRStkSize                         0x0800d4fc   Data           4  os_cfg_app.o(.constdata)
    OSCfg_ISRStkSizeRAM                      0x0800d500   Data           4  os_cfg_app.o(.constdata)
    OSCfg_MsgPoolSize                        0x0800d504   Data           2  os_cfg_app.o(.constdata)
    OSCfg_MsgPoolSizeRAM                     0x0800d508   Data           4  os_cfg_app.o(.constdata)
    OSCfg_MsgPoolBasePtr                     0x0800d50c   Data           4  os_cfg_app.o(.constdata)
    OSCfg_StatTaskPrio                       0x0800d510   Data           1  os_cfg_app.o(.constdata)
    OSCfg_StatTaskRate_Hz                    0x0800d514   Data           4  os_cfg_app.o(.constdata)
    OSCfg_StatTaskStkBasePtr                 0x0800d518   Data           4  os_cfg_app.o(.constdata)
    OSCfg_StatTaskStkLimit                   0x0800d51c   Data           4  os_cfg_app.o(.constdata)
    OSCfg_StatTaskStkSize                    0x0800d520   Data           4  os_cfg_app.o(.constdata)
    OSCfg_StatTaskStkSizeRAM                 0x0800d524   Data           4  os_cfg_app.o(.constdata)
    OSCfg_StkSizeMin                         0x0800d528   Data           4  os_cfg_app.o(.constdata)
    OSCfg_TickRate_Hz                        0x0800d52c   Data           4  os_cfg_app.o(.constdata)
    OSCfg_TickTaskPrio                       0x0800d530   Data           1  os_cfg_app.o(.constdata)
    OSCfg_TickTaskStkBasePtr                 0x0800d534   Data           4  os_cfg_app.o(.constdata)
    OSCfg_TickTaskStkLimit                   0x0800d538   Data           4  os_cfg_app.o(.constdata)
    OSCfg_TickTaskStkSize                    0x0800d53c   Data           4  os_cfg_app.o(.constdata)
    OSCfg_TickTaskStkSizeRAM                 0x0800d540   Data           4  os_cfg_app.o(.constdata)
    OSCfg_TickWheelSize                      0x0800d544   Data           2  os_cfg_app.o(.constdata)
    OSCfg_TickWheelSizeRAM                   0x0800d548   Data           4  os_cfg_app.o(.constdata)
    OSCfg_TmrTaskPrio                        0x0800d54c   Data           1  os_cfg_app.o(.constdata)
    OSCfg_TmrTaskRate_Hz                     0x0800d550   Data           4  os_cfg_app.o(.constdata)
    OSCfg_TmrTaskStkBasePtr                  0x0800d554   Data           4  os_cfg_app.o(.constdata)
    OSCfg_TmrTaskStkLimit                    0x0800d558   Data           4  os_cfg_app.o(.constdata)
    OSCfg_TmrTaskStkSize                     0x0800d55c   Data           4  os_cfg_app.o(.constdata)
    OSCfg_TmrTaskStkSizeRAM                  0x0800d560   Data           4  os_cfg_app.o(.constdata)
    OSCfg_TmrWheelSize                       0x0800d564   Data           2  os_cfg_app.o(.constdata)
    OSCfg_TmrWheelSizeRAM                    0x0800d568   Data           4  os_cfg_app.o(.constdata)
    OSCfg_DataSizeRAM                        0x0800d56c   Data           4  os_cfg_app.o(.constdata)
    OSDbg_DbgEn                              0x0800d570   Data           2  os_dbg.o(.constdata)
    OSDbg_ArgChkEn                           0x0800d572   Data           1  os_dbg.o(.constdata)
    OSDbg_AppHooksEn                         0x0800d573   Data           1  os_dbg.o(.constdata)
    OSDbg_EndiannessTest                     0x0800d574   Data           4  os_dbg.o(.constdata)
    OSDbg_CalledFromISRChkEn                 0x0800d578   Data           1  os_dbg.o(.constdata)
    OSDbg_FlagEn                             0x0800d579   Data           1  os_dbg.o(.constdata)
    OSDbg_FlagGrp                            0x0800d57c   Data          40  os_dbg.o(.constdata)
    OSDbg_FlagDelEn                          0x0800d5a4   Data           1  os_dbg.o(.constdata)
    OSDbg_FlagModeClrEn                      0x0800d5a5   Data           1  os_dbg.o(.constdata)
    OSDbg_FlagPendAbortEn                    0x0800d5a6   Data           1  os_dbg.o(.constdata)
    OSDbg_FlagGrpSize                        0x0800d5a8   Data           2  os_dbg.o(.constdata)
    OSDbg_FlagWidth                          0x0800d5aa   Data           2  os_dbg.o(.constdata)
    OSDbg_IntQ                               0x0800d5ac   Data           2  os_dbg.o(.constdata)
    OSDbg_ISRPostDeferredEn                  0x0800d5ae   Data           1  os_dbg.o(.constdata)
    OSDbg_Mem                                0x0800d5b0   Data          32  os_dbg.o(.constdata)
    OSDbg_MemEn                              0x0800d5d0   Data           1  os_dbg.o(.constdata)
    OSDbg_MemSize                            0x0800d5d2   Data           2  os_dbg.o(.constdata)
    OSDbg_MsgEn                              0x0800d5d4   Data           1  os_dbg.o(.constdata)
    OSDbg_MsgSize                            0x0800d5d6   Data           2  os_dbg.o(.constdata)
    OSDbg_MsgPoolSize                        0x0800d5d8   Data           2  os_dbg.o(.constdata)
    OSDbg_MsgQSize                           0x0800d5da   Data           2  os_dbg.o(.constdata)
    OSDbg_Mutex                              0x0800d5dc   Data          44  os_dbg.o(.constdata)
    OSDbg_MutexEn                            0x0800d608   Data           1  os_dbg.o(.constdata)
    OSDbg_MutexDelEn                         0x0800d609   Data           1  os_dbg.o(.constdata)
    OSDbg_MutexPendAbortEn                   0x0800d60a   Data           1  os_dbg.o(.constdata)
    OSDbg_MutexSize                          0x0800d60c   Data           2  os_dbg.o(.constdata)
    OSDbg_ObjTypeChkEn                       0x0800d60e   Data           1  os_dbg.o(.constdata)
    OSDbg_PendMultiEn                        0x0800d60f   Data           1  os_dbg.o(.constdata)
    OSDbg_PendDataSize                       0x0800d610   Data           2  os_dbg.o(.constdata)
    OSDbg_PendListSize                       0x0800d612   Data           2  os_dbg.o(.constdata)
    OSDbg_PendObjSize                        0x0800d614   Data           2  os_dbg.o(.constdata)
    OSDbg_PrioMax                            0x0800d616   Data           2  os_dbg.o(.constdata)
    OSDbg_PrioTblSize                        0x0800d618   Data           2  os_dbg.o(.constdata)
    OSDbg_PtrSize                            0x0800d61a   Data           2  os_dbg.o(.constdata)
    OSDbg_Q                                  0x0800d61c   Data          48  os_dbg.o(.constdata)
    OSDbg_QEn                                0x0800d64c   Data           1  os_dbg.o(.constdata)
    OSDbg_QDelEn                             0x0800d64d   Data           1  os_dbg.o(.constdata)
    OSDbg_QFlushEn                           0x0800d64e   Data           1  os_dbg.o(.constdata)
    OSDbg_QPendAbortEn                       0x0800d64f   Data           1  os_dbg.o(.constdata)
    OSDbg_QSize                              0x0800d650   Data           2  os_dbg.o(.constdata)
    OSDbg_SchedRoundRobinEn                  0x0800d652   Data           1  os_dbg.o(.constdata)
    OSDbg_Sem                                0x0800d654   Data          40  os_dbg.o(.constdata)
    OSDbg_SemEn                              0x0800d67c   Data           1  os_dbg.o(.constdata)
    OSDbg_SemDelEn                           0x0800d67d   Data           1  os_dbg.o(.constdata)
    OSDbg_SemPendAbortEn                     0x0800d67e   Data           1  os_dbg.o(.constdata)
    OSDbg_SemSetEn                           0x0800d67f   Data           1  os_dbg.o(.constdata)
    OSDbg_SemSize                            0x0800d680   Data           2  os_dbg.o(.constdata)
    OSDbg_RdyList                            0x0800d682   Data           2  os_dbg.o(.constdata)
    OSDbg_RdyListSize                        0x0800d684   Data           4  os_dbg.o(.constdata)
    OSDbg_StkWidth                           0x0800d688   Data           1  os_dbg.o(.constdata)
    OSDbg_StatTaskEn                         0x0800d689   Data           1  os_dbg.o(.constdata)
    OSDbg_StatTaskStkChkEn                   0x0800d68a   Data           1  os_dbg.o(.constdata)
    OSDbg_TaskChangePrioEn                   0x0800d68b   Data           1  os_dbg.o(.constdata)
    OSDbg_TaskDelEn                          0x0800d68c   Data           1  os_dbg.o(.constdata)
    OSDbg_TaskQEn                            0x0800d68d   Data           1  os_dbg.o(.constdata)
    OSDbg_TaskQPendAbortEn                   0x0800d68e   Data           1  os_dbg.o(.constdata)
    OSDbg_TaskProfileEn                      0x0800d68f   Data           1  os_dbg.o(.constdata)
    OSDbg_TaskRegTblSize                     0x0800d690   Data           2  os_dbg.o(.constdata)
    OSDbg_TaskSemPendAbortEn                 0x0800d692   Data           1  os_dbg.o(.constdata)
    OSDbg_TaskSuspendEn                      0x0800d693   Data           1  os_dbg.o(.constdata)
    OSDbg_TCBSize                            0x0800d694   Data           2  os_dbg.o(.constdata)
    OSDbg_TickSpokeSize                      0x0800d696   Data           2  os_dbg.o(.constdata)
    OSDbg_TimeDlyHMSMEn                      0x0800d698   Data           1  os_dbg.o(.constdata)
    OSDbg_TimeDlyResumeEn                    0x0800d699   Data           1  os_dbg.o(.constdata)
    OSDbg_TLS_TblSize                        0x0800d69a   Data           2  os_dbg.o(.constdata)
    OSDbg_Tmr                                0x0800d69c   Data          52  os_dbg.o(.constdata)
    OSDbg_TmrEn                              0x0800d6d0   Data           1  os_dbg.o(.constdata)
    OSDbg_TmrDelEn                           0x0800d6d1   Data           1  os_dbg.o(.constdata)
    OSDbg_TmrSize                            0x0800d6d2   Data           2  os_dbg.o(.constdata)
    OSDbg_TmrSpokeSize                       0x0800d6d4   Data           2  os_dbg.o(.constdata)
    OSDbg_VersionNbr                         0x0800d6d6   Data           2  os_dbg.o(.constdata)
    OSDbg_DataSize                           0x0800d6d8   Data           4  os_dbg.o(.constdata)
    Region$$Table$$Base                      0x0800d6dc   Number         0  anon$$obj.o(Region$$Table)
    Region$$Table$$Limit                     0x0800d6fc   Number         0  anon$$obj.o(Region$$Table)
    SystemCoreClock                          0x20000000   Data           4  system_stm32f4xx.o(.data)
    AHBPrescTable                            0x20000004   Data          16  system_stm32f4xx.o(.data)
    PID_PWM_ANGLE                            0x20000020   Data           4  pwm.o(.data)
    PWM_FL                                   0x20000024   Data           4  pwm.o(.data)
    PWM_FR                                   0x20000028   Data           4  pwm.o(.data)
    PWM_BL                                   0x2000002c   Data           4  pwm.o(.data)
    PWM_BR                                   0x20000030   Data           4  pwm.o(.data)
    Point_Number                             0x20000034   Data           1  usart3.o(.data)
    Show_flag_o                              0x20000035   Data           1  usart3.o(.data)
    start                                    0x20000036   Data           1  usart3.o(.data)
    mode                                     0x20000037   Data           4  usart3.o(.data)
    mode1                                    0x2000003b   Data           1  usart3.o(.data)
    angle_xunji                              0x2000003c   Data           4  usart3.o(.data)
    __stdout                                 0x20000054   Data           4  usart.o(.data)
    USART_RX_STA                             0x20000058   Data           2  usart.o(.data)
    CPU_TS_TmrFreq_Hz                        0x2000005c   Data           4  cpu_core.o(.data)
    Mem_PoolTbl                              0x20000060   Data           4  lib_mem.o(.data)
    OSPrioTbl                                0x20000064   Data           8  os_prio.o(.data)
    OS_AppTaskCreateHookPtr                  0x2000006c   Data           4  os_var.o(.data)
    OS_AppTaskDelHookPtr                     0x20000070   Data           4  os_var.o(.data)
    OS_AppTaskReturnHookPtr                  0x20000074   Data           4  os_var.o(.data)
    OS_AppIdleTaskHookPtr                    0x20000078   Data           4  os_var.o(.data)
    OS_AppStatTaskHookPtr                    0x2000007c   Data           4  os_var.o(.data)
    OS_AppTaskSwHookPtr                      0x20000080   Data           4  os_var.o(.data)
    OS_AppTimeTickHookPtr                    0x20000084   Data           4  os_var.o(.data)
    OSIdleTaskCtr                            0x20000088   Data           4  os_var.o(.data)
    OSIntNestingCtr                          0x2000008c   Data           1  os_var.o(.data)
    OSRunning                                0x2000008d   Data           1  os_var.o(.data)
    OSIntQInPtr                              0x20000090   Data           4  os_var.o(.data)
    OSIntQOutPtr                             0x20000094   Data           4  os_var.o(.data)
    OSIntQNbrEntries                         0x20000098   Data           2  os_var.o(.data)
    OSIntQNbrEntriesMax                      0x2000009a   Data           2  os_var.o(.data)
    OSIntQOvfCtr                             0x2000009c   Data           2  os_var.o(.data)
    OSIntQTaskTimeMax                        0x200000a0   Data           4  os_var.o(.data)
    OSFlagDbgListPtr                         0x200000a4   Data           4  os_var.o(.data)
    OSFlagQty                                0x200000a8   Data           2  os_var.o(.data)
    OSMemDbgListPtr                          0x200000ac   Data           4  os_var.o(.data)
    OSMemQty                                 0x200000b0   Data           2  os_var.o(.data)
    OSMutexDbgListPtr                        0x200000b4   Data           4  os_var.o(.data)
    OSMutexQty                               0x200000b8   Data           2  os_var.o(.data)
    OSPrioCur                                0x200000ba   Data           1  os_var.o(.data)
    OSPrioHighRdy                            0x200000bb   Data           1  os_var.o(.data)
    OSPrioSaved                              0x200000bc   Data           1  os_var.o(.data)
    OSQDbgListPtr                            0x200000c0   Data           4  os_var.o(.data)
    OSQQty                                   0x200000c4   Data           2  os_var.o(.data)
    OSSchedLockTimeBegin                     0x200000c8   Data           4  os_var.o(.data)
    OSSchedLockTimeMax                       0x200000cc   Data           4  os_var.o(.data)
    OSSchedLockTimeMaxCur                    0x200000d0   Data           4  os_var.o(.data)
    OSSchedLockNestingCtr                    0x200000d4   Data           1  os_var.o(.data)
    OSSchedRoundRobinDfltTimeQuanta          0x200000d8   Data           4  os_var.o(.data)
    OSSchedRoundRobinEn                      0x200000dc   Data           1  os_var.o(.data)
    OSSemDbgListPtr                          0x200000e0   Data           4  os_var.o(.data)
    OSSemQty                                 0x200000e4   Data           2  os_var.o(.data)
    OSStatResetFlag                          0x200000e6   Data           1  os_var.o(.data)
    OSStatTaskCPUUsage                       0x200000e8   Data           2  os_var.o(.data)
    OSStatTaskCPUUsageMax                    0x200000ea   Data           2  os_var.o(.data)
    OSStatTaskCtr                            0x200000ec   Data           4  os_var.o(.data)
    OSStatTaskCtrMax                         0x200000f0   Data           4  os_var.o(.data)
    OSStatTaskCtrRun                         0x200000f4   Data           4  os_var.o(.data)
    OSStatTaskRdy                            0x200000f8   Data           1  os_var.o(.data)
    OSStatTaskTimeMax                        0x200000fc   Data           4  os_var.o(.data)
    OSTaskCtxSwCtr                           0x20000100   Data           4  os_var.o(.data)
    OSTaskDbgListPtr                         0x20000104   Data           4  os_var.o(.data)
    OSTaskQty                                0x20000108   Data           2  os_var.o(.data)
    OSTaskRegNextAvailID                     0x2000010a   Data           1  os_var.o(.data)
    OSTickCtr                                0x2000010c   Data           4  os_var.o(.data)
    OSTickTaskTimeMax                        0x20000110   Data           4  os_var.o(.data)
    OSTmrDbgListPtr                          0x20000114   Data           4  os_var.o(.data)
    OSTmrQty                                 0x20000118   Data           2  os_var.o(.data)
    OSTmrTaskTimeMax                         0x2000011c   Data           4  os_var.o(.data)
    OSTmrTickCtr                             0x20000120   Data           4  os_var.o(.data)
    OSTmrUpdateCnt                           0x20000124   Data           4  os_var.o(.data)
    OSTmrUpdateCtr                           0x20000128   Data           4  os_var.o(.data)
    OSTCBCurPtr                              0x2000012c   Data           4  os_var.o(.data)
    OSTCBHighRdyPtr                          0x20000130   Data           4  os_var.o(.data)
    OS_CPU_ExceptStkBase                     0x20000134   Data           4  os_cpu_c.o(.data)
    pid_pwm                                  0x20000138   Data           4  pid.o(.data)
    DEBUG_CONTROL                            0x2000013c   Data          40  main.o(.bss)
    ANGLE_CONTROL                            0x20000164   Data          40  main.o(.bss)
    POSITION_CONTROL                         0x2000018c   Data          40  main.o(.bss)
    LED0_CONTROL                             0x200001b4   Data          40  main.o(.bss)
    SPEED_CONTROL                            0x200001dc   Data          40  main.o(.bss)
    StartTaskTCB                             0x20000204   Data         196  main.o(.bss)
    START_TASK_STK                           0x200002c8   Data        2048  main.o(.bss)
    Led0TaskTCB                              0x20000ac8   Data         196  main.o(.bss)
    LED0_TASK_STK                            0x20000b8c   Data        2048  main.o(.bss)
    ANGLETaskTCB                             0x2000138c   Data         196  main.o(.bss)
    ANGLE_TASK_STK                           0x20001450   Data        2048  main.o(.bss)
    POSITIONTaskTCB                          0x20001c50   Data         196  main.o(.bss)
    POSITION_TASK_STK                        0x20001d14   Data        2048  main.o(.bss)
    SPEEDTaskTCB                             0x20002514   Data         196  main.o(.bss)
    SPEED_TASK_STK                           0x200025d8   Data        2048  main.o(.bss)
    DEBUGTaskTCB                             0x20002dd8   Data         196  main.o(.bss)
    DEBUG_TASK_STK                           0x20002e9c   Data        2048  main.o(.bss)
    Boll_Pos                                 0x2000369c   Data          53  usart3.o(.bss)
    buf                                      0x200036d1   Data         200  usart3.o(.bss)
    USART_RX_BUF                             0x20003799   Data         200  usart.o(.bss)
    CPU_Name                                 0x20003861   Data          16  cpu_core.o(.bss)
    Mem_PoolHeap                             0x20003874   Data          72  lib_mem.o(.bss)
    Mem_Heap                                 0x200038bc   Data        1024  lib_mem.o(.bss)
    OSCfg_IdleTaskStk                        0x20003cbc   Data         512  os_cfg_app.o(.bss)
    OSCfg_IntQ                               0x20003ebc   Data         320  os_cfg_app.o(.bss)
    OSCfg_IntQTaskStk                        0x20003ffc   Data         512  os_cfg_app.o(.bss)
    OSCfg_ISRStk                             0x200041fc   Data         512  os_cfg_app.o(.bss)
    OSCfg_MsgPool                            0x200043fc   Data        1600  os_cfg_app.o(.bss)
    OSCfg_StatTaskStk                        0x20004a3c   Data         512  os_cfg_app.o(.bss)
    OSCfg_TickTaskStk                        0x20004c3c   Data         512  os_cfg_app.o(.bss)
    OSCfg_TickWheel                          0x20004e3c   Data         136  os_cfg_app.o(.bss)
    OSCfg_TmrTaskStk                         0x20004ec4   Data         512  os_cfg_app.o(.bss)
    OSCfg_TmrWheel                           0x200050c4   Data         136  os_cfg_app.o(.bss)
    OSIdleTaskTCB                            0x2000514c   Data         196  os_var.o(.bss)
    OSIntQTaskTCB                            0x20005210   Data         196  os_var.o(.bss)
    OSMsgPool                                0x200052d4   Data          12  os_var.o(.bss)
    OSRdyList                                0x200052e0   Data         768  os_var.o(.bss)
    OSStatTaskTCB                            0x200055e0   Data         196  os_var.o(.bss)
    OSTickTaskTCB                            0x200056a4   Data         196  os_var.o(.bss)
    OSTmrTaskTCB                             0x20005768   Data         196  os_var.o(.bss)
    PID_Struct_AngleLoop                     0x20005830   Data          40  pid.o(.bss)
    PID_Struct_WheelFL                       0x20005858   Data          40  pid.o(.bss)
    PID_Struct_WheelFR                       0x20005880   Data          40  pid.o(.bss)
    PID_Struct_WheelBL                       0x200058a8   Data          40  pid.o(.bss)
    PID_Struct_WheelBR                       0x200058d0   Data          40  pid.o(.bss)
    __libspace_start                         0x200058f8   Data          96  libspace.o(.bss)
    __temporary_stack_top$libspace           0x20005958   Data           0  libspace.o(.bss)



==============================================================================

Memory Map of the image

  Image Entry point : 0x08000189

  Load Region LR_IROM1 (Base: 0x08000000, Size: 0x0000d838, Max: 0x00100000, ABSOLUTE, COMPRESSED[0x0000d71c])

    Execution Region ER_IROM1 (Exec base: 0x08000000, Load base: 0x08000000, Size: 0x0000d6fc, Max: 0x00100000, ABSOLUTE)

    Exec Addr    Load Addr    Size         Type   Attr      Idx    E Section Name        Object

    0x08000000   0x08000000   0x00000188   Data   RO          564    RESET               startup_stm32f40_41xxx.o
    0x08000188   0x08000188   0x00000008   Code   RO         1901  * !!!main             c_w.l(__main.o)
    0x08000190   0x08000190   0x00000034   Code   RO         2110    !!!scatter          c_w.l(__scatter.o)
    0x080001c4   0x080001c4   0x0000005a   Code   RO         2108    !!dczerorl2         c_w.l(__dczerorl2.o)
    0x0800021e   0x0800021e   0x00000002   PAD
    0x08000220   0x08000220   0x0000001c   Code   RO         2112    !!handler_zi        c_w.l(__scatter_zi.o)
    0x0800023c   0x0800023c   0x00000000   Code   RO         1898    .ARM.Collect$$_printf_percent$$00000000  c_w.l(_printf_percent.o)
    0x0800023c   0x0800023c   0x00000006   Code   RO         1897    .ARM.Collect$$_printf_percent$$00000009  c_w.l(_printf_d.o)
    0x08000242   0x08000242   0x00000004   Code   RO         1932    .ARM.Collect$$_printf_percent$$00000017  c_w.l(_printf_percent_end.o)
    0x08000246   0x08000246   0x00000002   Code   RO         1980    .ARM.Collect$$libinit$$00000000  c_w.l(libinit.o)
    0x08000248   0x08000248   0x00000004   Code   RO         1992    .ARM.Collect$$libinit$$00000001  c_w.l(libinit2.o)
    0x0800024c   0x0800024c   0x00000000   Code   RO         1995    .ARM.Collect$$libinit$$00000004  c_w.l(libinit2.o)
    0x0800024c   0x0800024c   0x00000000   Code   RO         1998    .ARM.Collect$$libinit$$0000000A  c_w.l(libinit2.o)
    0x0800024c   0x0800024c   0x00000000   Code   RO         2000    .ARM.Collect$$libinit$$0000000C  c_w.l(libinit2.o)
    0x0800024c   0x0800024c   0x00000000   Code   RO         2002    .ARM.Collect$$libinit$$0000000E  c_w.l(libinit2.o)
    0x0800024c   0x0800024c   0x00000000   Code   RO         2005    .ARM.Collect$$libinit$$00000011  c_w.l(libinit2.o)
    0x0800024c   0x0800024c   0x00000000   Code   RO         2007    .ARM.Collect$$libinit$$00000013  c_w.l(libinit2.o)
    0x0800024c   0x0800024c   0x00000000   Code   RO         2009    .ARM.Collect$$libinit$$00000015  c_w.l(libinit2.o)
    0x0800024c   0x0800024c   0x00000000   Code   RO         2011    .ARM.Collect$$libinit$$00000017  c_w.l(libinit2.o)
    0x0800024c   0x0800024c   0x00000000   Code   RO         2013    .ARM.Collect$$libinit$$00000019  c_w.l(libinit2.o)
    0x0800024c   0x0800024c   0x00000000   Code   RO         2015    .ARM.Collect$$libinit$$0000001B  c_w.l(libinit2.o)
    0x0800024c   0x0800024c   0x00000000   Code   RO         2017    .ARM.Collect$$libinit$$0000001D  c_w.l(libinit2.o)
    0x0800024c   0x0800024c   0x00000000   Code   RO         2019    .ARM.Collect$$libinit$$0000001F  c_w.l(libinit2.o)
    0x0800024c   0x0800024c   0x00000000   Code   RO         2021    .ARM.Collect$$libinit$$00000021  c_w.l(libinit2.o)
    0x0800024c   0x0800024c   0x00000000   Code   RO         2023    .ARM.Collect$$libinit$$00000023  c_w.l(libinit2.o)
    0x0800024c   0x0800024c   0x00000000   Code   RO         2025    .ARM.Collect$$libinit$$00000025  c_w.l(libinit2.o)
    0x0800024c   0x0800024c   0x00000000   Code   RO         2029    .ARM.Collect$$libinit$$0000002C  c_w.l(libinit2.o)
    0x0800024c   0x0800024c   0x00000000   Code   RO         2031    .ARM.Collect$$libinit$$0000002E  c_w.l(libinit2.o)
    0x0800024c   0x0800024c   0x00000000   Code   RO         2033    .ARM.Collect$$libinit$$00000030  c_w.l(libinit2.o)
    0x0800024c   0x0800024c   0x00000000   Code   RO         2035    .ARM.Collect$$libinit$$00000032  c_w.l(libinit2.o)
    0x0800024c   0x0800024c   0x00000002   Code   RO         2036    .ARM.Collect$$libinit$$00000033  c_w.l(libinit2.o)
    0x0800024e   0x0800024e   0x00000002   Code   RO         2062    .ARM.Collect$$libshutdown$$00000000  c_w.l(libshutdown.o)
    0x08000250   0x08000250   0x00000000   Code   RO         2089    .ARM.Collect$$libshutdown$$00000002  c_w.l(libshutdown2.o)
    0x08000250   0x08000250   0x00000000   Code   RO         2091    .ARM.Collect$$libshutdown$$00000004  c_w.l(libshutdown2.o)
    0x08000250   0x08000250   0x00000000   Code   RO         2093    .ARM.Collect$$libshutdown$$00000006  c_w.l(libshutdown2.o)
    0x08000250   0x08000250   0x00000000   Code   RO         2096    .ARM.Collect$$libshutdown$$00000009  c_w.l(libshutdown2.o)
    0x08000250   0x08000250   0x00000000   Code   RO         2099    .ARM.Collect$$libshutdown$$0000000C  c_w.l(libshutdown2.o)
    0x08000250   0x08000250   0x00000000   Code   RO         2101    .ARM.Collect$$libshutdown$$0000000E  c_w.l(libshutdown2.o)
    0x08000250   0x08000250   0x00000000   Code   RO         2104    .ARM.Collect$$libshutdown$$00000011  c_w.l(libshutdown2.o)
    0x08000250   0x08000250   0x00000002   Code   RO         2105    .ARM.Collect$$libshutdown$$00000012  c_w.l(libshutdown2.o)
    0x08000252   0x08000252   0x00000000   Code   RO         1923    .ARM.Collect$$rtentry$$00000000  c_w.l(__rtentry.o)
    0x08000252   0x08000252   0x00000000   Code   RO         1943    .ARM.Collect$$rtentry$$00000002  c_w.l(__rtentry2.o)
    0x08000252   0x08000252   0x00000006   Code   RO         1955    .ARM.Collect$$rtentry$$00000004  c_w.l(__rtentry4.o)
    0x08000258   0x08000258   0x00000000   Code   RO         1945    .ARM.Collect$$rtentry$$00000009  c_w.l(__rtentry2.o)
    0x08000258   0x08000258   0x00000004   Code   RO         1946    .ARM.Collect$$rtentry$$0000000A  c_w.l(__rtentry2.o)
    0x0800025c   0x0800025c   0x00000000   Code   RO         1948    .ARM.Collect$$rtentry$$0000000C  c_w.l(__rtentry2.o)
    0x0800025c   0x0800025c   0x00000008   Code   RO         1949    .ARM.Collect$$rtentry$$0000000D  c_w.l(__rtentry2.o)
    0x08000264   0x08000264   0x00000002   Code   RO         1984    .ARM.Collect$$rtexit$$00000000  c_w.l(rtexit.o)
    0x08000266   0x08000266   0x00000000   Code   RO         2038    .ARM.Collect$$rtexit$$00000002  c_w.l(rtexit2.o)
    0x08000266   0x08000266   0x00000004   Code   RO         2039    .ARM.Collect$$rtexit$$00000003  c_w.l(rtexit2.o)
    0x0800026a   0x0800026a   0x00000006   Code   RO         2040    .ARM.Collect$$rtexit$$00000004  c_w.l(rtexit2.o)
    0x08000270   0x08000270   0x000004d4   Code   RO            3    .text               main.o
    0x08000744   0x08000744   0x00000210   Code   RO          253    .text               system_stm32f4xx.o
    0x08000954   0x08000954   0x00000016   Code   RO          376    .text               stm32f4xx_it.o
    0x0800096a   0x0800096a   0x00000002   PAD
    0x0800096c   0x0800096c   0x00000040   Code   RO          434    .text               led.o
    0x080009ac   0x080009ac   0x00000148   Code   RO          486    .text               timer.o
    0x08000af4   0x08000af4   0x00000398   Code   RO          511    .text               pwm.o
    0x08000e8c   0x08000e8c   0x000001ec   Code   RO          537    .text               usart3.o
    0x08001078   0x08001078   0x00000040   Code   RO          565    .text               startup_stm32f40_41xxx.o
    0x080010b8   0x080010b8   0x000000e0   Code   RO          571    .text               misc.o
    0x08001198   0x08001198   0x00000294   Code   RO          591    .text               stm32f4xx_gpio.o
    0x0800142c   0x0800142c   0x0000065c   Code   RO          611    .text               stm32f4xx_rcc.o
    0x08001a88   0x08001a88   0x00000454   Code   RO          653    .text               stm32f4xx_usart.o
    0x08001edc   0x08001edc   0x00000ca2   Code   RO         1225    .text               stm32f4xx_tim.o
    0x08002b7e   0x08002b7e   0x00000002   PAD
    0x08002b80   0x08002b80   0x00000148   Code   RO         1265    .text               delay.o
    0x08002cc8   0x08002cc8   0x0000015c   Code   RO         1362    .text               usart.o
    0x08002e24   0x08002e24   0x00000084   Code   RO         1393    .text               bsp.o
    0x08002ea8   0x08002ea8   0x000002a8   Code   RO         1426    .text               cpu_core.o
    0x08003150   0x08003150   0x00000034   Code   RO         1452    .text               cpu_a.o
    0x08003184   0x08003184   0x00000256   Code   RO         1455    .text               lib_ascii.o
    0x080033da   0x080033da   0x00000002   PAD
    0x080033dc   0x080033dc   0x000009c6   Code   RO         1488    .text               lib_mem.o
    0x08003da2   0x08003da2   0x00000002   PAD
    0x08003da4   0x08003da4   0x0000092c   Code   RO         1507    .text               lib_str.o
    0x080046d0   0x080046d0   0x00000220   Code   RO         1524    .text               lib_mem_a.o
    0x080048f0   0x080048f0   0x000000fc   Code   RO         1527    .text               os_cfg_app.o
    0x080049ec   0x080049ec   0x00000df0   Code   RO         1550    .text               os_core.o
    0x080057dc   0x080057dc   0x000001b0   Code   RO         1562    .text               os_dbg.o
    0x0800598c   0x0800598c   0x00000e28   Code   RO         1577    .text               os_flag.o
    0x080067b4   0x080067b4   0x00000444   Code   RO         1589    .text               os_int.o
    0x08006bf8   0x08006bf8   0x00000238   Code   RO         1601    .text               os_mem.o
    0x08006e30   0x08006e30   0x0000022c   Code   RO         1613    .text               os_msg.o
    0x0800705c   0x0800705c   0x00000ad4   Code   RO         1625    .text               os_mutex.o
    0x08007b30   0x08007b30   0x0000007c   Code   RO         1643    .text               os_prio.o
    0x08007bac   0x08007bac   0x000008d8   Code   RO         1662    .text               os_q.o
    0x08008484   0x08008484   0x00000830   Code   RO         1674    .text               os_sem.o
    0x08008cb4   0x08008cb4   0x00000638   Code   RO         1686    .text               os_stat.o
    0x080092ec   0x080092ec   0x00001bb4   Code   RO         1698    .text               os_task.o
    0x0800aea0   0x0800aea0   0x000004fc   Code   RO         1710    .text               os_tick.o
    0x0800b39c   0x0800b39c   0x00000564   Code   RO         1722    .text               os_time.o
    0x0800b900   0x0800b900   0x00000818   Code   RO         1734    .text               os_tmr.o
    0x0800c118   0x0800c118   0x000003f8   Code   RO         1762    .text               os_cpu_c.o
    0x0800c510   0x0800c510   0x000002ac   Code   RO         1838    .text               pid.o
    0x0800c7bc   0x0800c7bc   0x00000002   Code   RO         1865    .text               c_w.l(use_no_semi_2.o)
    0x0800c7be   0x0800c7be   0x000000ee   Code   RO         1867    .text               c_w.l(lludivv7m.o)
    0x0800c8ac   0x0800c8ac   0x00000018   Code   RO         1871    .text               c_w.l(noretval__2printf.o)
    0x0800c8c4   0x0800c8c4   0x00000068   Code   RO         1873    .text               c_w.l(__printf.o)
    0x0800c92c   0x0800c92c   0x00000078   Code   RO         1875    .text               c_w.l(_printf_dec.o)
    0x0800c9a4   0x0800c9a4   0x00000006   Code   RO         1899    .text               c_w.l(heapauxi.o)
    0x0800c9aa   0x0800c9aa   0x00000002   Code   RO         1921    .text               c_w.l(use_no_semi.o)
    0x0800c9ac   0x0800c9ac   0x000000b2   Code   RO         1928    .text               c_w.l(_printf_intcommon.o)
    0x0800ca5e   0x0800ca5e   0x00000002   PAD
    0x0800ca60   0x0800ca60   0x00000024   Code   RO         1930    .text               c_w.l(_printf_char_file.o)
    0x0800ca84   0x0800ca84   0x00000030   Code   RO         1959    .text               c_w.l(_printf_char_common.o)
    0x0800cab4   0x0800cab4   0x00000008   Code   RO         1961    .text               c_w.l(ferror.o)
    0x0800cabc   0x0800cabc   0x0000004a   Code   RO         1965    .text               c_w.l(sys_stackheap_outer.o)
    0x0800cb06   0x0800cb06   0x00000012   Code   RO         1969    .text               c_w.l(exit.o)
    0x0800cb18   0x0800cb18   0x00000008   Code   RO         1981    .text               c_w.l(libspace.o)
    0x0800cb20   0x0800cb20   0x000000ac   Code   RO         1786    CODE                os_cpu_a.o
    0x0800cbcc   0x0800cbcc   0x00000150   Code   RO         1903    x$fpl$dadd          fz_wm.l(daddsub_clz.o)
    0x0800cd1c   0x0800cd1c   0x00000018   Code   RO         1933    x$fpl$dcmpinf       fz_wm.l(dcmpi.o)
    0x0800cd34   0x0800cd34   0x0000005e   Code   RO         1909    x$fpl$dfix          fz_wm.l(dfix.o)
    0x0800cd92   0x0800cd92   0x00000002   PAD
    0x0800cd94   0x0800cd94   0x00000078   Code   RO         1913    x$fpl$dleqf         fz_wm.l(dleqf.o)
    0x0800ce0c   0x0800ce0c   0x00000154   Code   RO         1915    x$fpl$dmul          fz_wm.l(dmul.o)
    0x0800cf60   0x0800cf60   0x0000009c   Code   RO         1935    x$fpl$dnaninf       fz_wm.l(dnaninf.o)
    0x0800cffc   0x0800cffc   0x0000000c   Code   RO         1937    x$fpl$dretinf       fz_wm.l(dretinf.o)
    0x0800d008   0x0800d008   0x0000006c   Code   RO         1917    x$fpl$drleqf        fz_wm.l(drleqf.o)
    0x0800d074   0x0800d074   0x000001d4   Code   RO         1905    x$fpl$dsub          fz_wm.l(daddsub_clz.o)
    0x0800d248   0x0800d248   0x00000056   Code   RO         1919    x$fpl$f2d           fz_wm.l(f2d.o)
    0x0800d29e   0x0800d29e   0x0000008c   Code   RO         1939    x$fpl$fnaninf       fz_wm.l(fnaninf.o)
    0x0800d32a   0x0800d32a   0x0000000a   Code   RO         2050    x$fpl$fpinit        fz_wm.l(fpinit.o)
    0x0800d334   0x0800d334   0x00000000   Code   RO         1941    x$fpl$usenofp       fz_wm.l(usenofp.o)
    0x0800d334   0x0800d334   0x00000104   Data   RO         1428    .constdata          cpu_core.o
    0x0800d438   0x0800d438   0x00000094   Data   RO         1508    .constdata          lib_str.o
    0x0800d4cc   0x0800d4cc   0x000000a4   Data   RO         1529    .constdata          os_cfg_app.o
    0x0800d570   0x0800d570   0x0000016c   Data   RO         1563    .constdata          os_dbg.o
    0x0800d6dc   0x0800d6dc   0x00000020   Data   RO         2106    Region$$Table       anon$$obj.o


    Execution Region RW_IRAM1 (Exec base: 0x20000000, Load base: 0x0800d6fc, Size: 0x00005f58, Max: 0x00020000, ABSOLUTE, COMPRESSED[0x00000020])

    Exec Addr    Load Addr    Size         Type   Attr      Idx    E Section Name        Object

    0x20000000   COMPRESSED   0x00000014   Data   RW          254    .data               system_stm32f4xx.o
    0x20000014   COMPRESSED   0x0000000a   Data   RW          487    .data               timer.o
    0x2000001e   COMPRESSED   0x00000002   PAD
    0x20000020   COMPRESSED   0x00000014   Data   RW          512    .data               pwm.o
    0x20000034   COMPRESSED   0x0000000c   Data   RW          539    .data               usart3.o
    0x20000040   COMPRESSED   0x00000010   Data   RW          612    .data               stm32f4xx_rcc.o
    0x20000050   COMPRESSED   0x00000004   Data   RW         1266    .data               delay.o
    0x20000054   COMPRESSED   0x00000006   Data   RW         1364    .data               usart.o
    0x2000005a   COMPRESSED   0x00000002   PAD
    0x2000005c   COMPRESSED   0x00000004   Data   RW         1429    .data               cpu_core.o
    0x20000060   COMPRESSED   0x00000004   Data   RW         1490    .data               lib_mem.o
    0x20000064   COMPRESSED   0x00000008   Data   RW         1644    .data               os_prio.o
    0x2000006c   COMPRESSED   0x000000c8   Data   RW         1747    .data               os_var.o
    0x20000134   COMPRESSED   0x00000004   Data   RW         1763    .data               os_cpu_c.o
    0x20000138   COMPRESSED   0x00000004   Data   RW         1840    .data               pid.o
    0x2000013c        -       0x00003560   Zero   RW            4    .bss                main.o
    0x2000369c        -       0x000000fd   Zero   RW          538    .bss                usart3.o
    0x20003799        -       0x000000c8   Zero   RW         1363    .bss                usart.o
    0x20003861        -       0x00000010   Zero   RW         1427    .bss                cpu_core.o
    0x20003871   COMPRESSED   0x00000003   PAD
    0x20003874        -       0x00000448   Zero   RW         1489    .bss                lib_mem.o
    0x20003cbc        -       0x00001490   Zero   RW         1528    .bss                os_cfg_app.o
    0x2000514c        -       0x000006e0   Zero   RW         1746    .bss                os_var.o
    0x2000582c   COMPRESSED   0x00000004   PAD
    0x20005830        -       0x000000c8   Zero   RW         1839    .bss                pid.o
    0x200058f8        -       0x00000060   Zero   RW         1982    .bss                c_w.l(libspace.o)
    0x20005958        -       0x00000200   Zero   RW          563    HEAP                startup_stm32f40_41xxx.o
    0x20005b58        -       0x00000400   Zero   RW          562    STACK               startup_stm32f40_41xxx.o


==============================================================================

Image component sizes


      Code (inc. data)   RO Data    RW Data    ZI Data      Debug   Object Name

       132         14          0          0          0       1231   bsp.o
        52          0          0          0          0        340   cpu_a.o
       680         14        260          4         16      14803   cpu_core.o
       328         24          0          4          0      41285   delay.o
        64          6          0          0          0     229771   led.o
       598          0          0          0          0       3984   lib_ascii.o
      2502         32          0          4       1096      22424   lib_mem.o
       544          0          0          0          0        484   lib_mem_a.o
      2348          6        148          0          0      13942   lib_str.o
      1236        278          0          0      13664     299418   main.o
       224         20          0          0          0       1989   misc.o
       252        166        164          0       5264      20962   os_cfg_app.o
      3568        284          0          0          0      12657   os_core.o
       172         32          0          0          0        408   os_cpu_a.o
      1016         64          0          4          0       4137   os_cpu_c.o
       432        286        364          0          0       4809   os_dbg.o
      3624        110          0          0          0       8291   os_flag.o
      1092        146          0          0          0       2400   os_int.o
       568         20          0          0          0       2920   os_mem.o
       556         12          0          0          0       2907   os_msg.o
      2772        114          0          0          0       5826   os_mutex.o
       124          4          0          8          0       1952   os_prio.o
      2264         76          0          0          0       6588   os_q.o
      2096         70          0          0          0       6608   os_sem.o
      1592        180          0          0          0       2881   os_stat.o
      7092        270          0          0          0      14434   os_task.o
      1276         90          0          0          0       3497   os_tick.o
      1380         46          0          0          0       3353   os_time.o
      2072        140          0          0          0       6734   os_tmr.o
         0          0          0        200       1760      19365   os_var.o
       684         66          0          4        200       3416   pid.o
       920         56          0         20          0       3535   pwm.o
        64         26        392          0       1536        848   startup_stm32f40_41xxx.o
       660         44          0          0          0       4325   stm32f4xx_gpio.o
        22          0          0          0          0       1043   stm32f4xx_it.o
      1628         52          0         16          0      13244   stm32f4xx_rcc.o
      3234         60          0          0          0      23180   stm32f4xx_tim.o
      1108         34          0          0          0       8052   stm32f4xx_usart.o
       528         46          0         20          0      49967   system_stm32f4xx.o
       328         46          0         10          0       1117   timer.o
       348         18          0          6        200       3394   usart.o
       492         32          0         12        253       2632   usart3.o

    ----------------------------------------------------------------------
     50680       2984       1360        316      23996     875153   Object Totals
         0          0         32          0          0          0   (incl. Generated)
         8          0          0          4          7          0   (incl. Padding)

    ----------------------------------------------------------------------

      Code (inc. data)   RO Data    RW Data    ZI Data      Debug   Library Member Name

        90          0          0          0          0          0   __dczerorl2.o
         8          0          0          0          0         68   __main.o
       104          0          0          0          0         84   __printf.o
         0          0          0          0          0          0   __rtentry.o
        12          0          0          0          0          0   __rtentry2.o
         6          0          0          0          0          0   __rtentry4.o
        52          8          0          0          0          0   __scatter.o
        28          0          0          0          0          0   __scatter_zi.o
        48          6          0          0          0         96   _printf_char_common.o
        36          4          0          0          0         80   _printf_char_file.o
         6          0          0          0          0          0   _printf_d.o
       120         16          0          0          0         92   _printf_dec.o
       178          0          0          0          0         88   _printf_intcommon.o
         0          0          0          0          0          0   _printf_percent.o
         4          0          0          0          0          0   _printf_percent_end.o
        18          0          0          0          0         80   exit.o
         8          0          0          0          0         68   ferror.o
         6          0          0          0          0        152   heapauxi.o
         2          0          0          0          0          0   libinit.o
         6          0          0          0          0          0   libinit2.o
         2          0          0          0          0          0   libshutdown.o
         2          0          0          0          0          0   libshutdown2.o
         8          4          0          0         96         68   libspace.o
       238          0          0          0          0        100   lludivv7m.o
        24          4          0          0          0         84   noretval__2printf.o
         2          0          0          0          0          0   rtexit.o
        10          0          0          0          0          0   rtexit2.o
        74          0          0          0          0         80   sys_stackheap_outer.o
         2          0          0          0          0         68   use_no_semi.o
         2          0          0          0          0         68   use_no_semi_2.o
       804         16          0          0          0        368   daddsub_clz.o
        24          0          0          0          0        116   dcmpi.o
        94          4          0          0          0        140   dfix.o
       120          4          0          0          0        140   dleqf.o
       340         12          0          0          0        152   dmul.o
       156          4          0          0          0        140   dnaninf.o
        12          0          0          0          0        116   dretinf.o
       108          0          0          0          0        128   drleqf.o
        86          4          0          0          0        132   f2d.o
       140          4          0          0          0        132   fnaninf.o
        10          0          0          0          0        116   fpinit.o
         0          0          0          0          0          0   usenofp.o

    ----------------------------------------------------------------------
      2996         90          0          0         96       2956   Library Totals
         6          0          0          0          0          0   (incl. Padding)

    ----------------------------------------------------------------------

      Code (inc. data)   RO Data    RW Data    ZI Data      Debug   Library Name

      1096         42          0          0         96       1276   c_w.l
      1894         48          0          0          0       1680   fz_wm.l

    ----------------------------------------------------------------------
      2996         90          0          0         96       2956   Library Totals

    ----------------------------------------------------------------------

==============================================================================


      Code (inc. data)   RO Data    RW Data    ZI Data      Debug   

     53676       3074       1360        316      24092     867737   Grand Totals
     53676       3074       1360         32      24092     867737   ELF Image Totals (compressed)
     53676       3074       1360         32          0          0   ROM Totals

==============================================================================

    Total RO  Size (Code + RO Data)                55036 (  53.75kB)
    Total RW  Size (RW Data + ZI Data)             24408 (  23.84kB)
    Total ROM Size (Code + RO Data + RW Data)      55068 (  53.78kB)

==============================================================================

